Archive member included to satisfy reference by file (symbol)

/home/zoobab/soft/zooswio/build/core/core.a(SerialUSB.cpp.o)
                              /home/zoobab/soft/zooswio/build/sketch/zooswio.ino.cpp.o (_ZN9SerialUSB5writeEh)
/home/zoobab/soft/zooswio/build/core/core.a(USB.cpp.o)
                              /home/zoobab/soft/zooswio/build/core/core.a(SerialUSB.cpp.o) (USB)
/home/zoobab/soft/zooswio/build/core/core.a(Stream.cpp.o)
                              /home/zoobab/soft/zooswio/build/sketch/zooswio.ino.cpp.o (_ZN7arduino6Stream9readBytesEPcj)
/home/zoobab/soft/zooswio/build/core/core.a(String.cpp.o)
                              /home/zoobab/soft/zooswio/build/core/core.a(Stream.cpp.o) (_ZN7arduino6StringC1EPKc)
/home/zoobab/soft/zooswio/build/core/core.a(delay.cpp.o)
                              /home/zoobab/soft/zooswio/build/sketch/zooswio.ino.cpp.o (delay)
/home/zoobab/soft/zooswio/build/core/core.a(main.cpp.o)
                              /home/zoobab/.arduino15/packages/rp2040/tools/pqt-gcc/4.1.0-1aec55e/bin/../lib/gcc/arm-none-eabi/14.3.0/../../../../arm-none-eabi/lib/thumb/crt0.o (main)
/home/zoobab/soft/zooswio/build/core/core.a(malloc-lock.cpp.o)
                              /home/zoobab/soft/zooswio/build/core/core.a(USB.cpp.o) (__wrap_malloc)
/home/zoobab/soft/zooswio/build/core/core.a(stdlib_noniso.cpp.o)
                              /home/zoobab/soft/zooswio/build/core/core.a(String.cpp.o) (ltoa)
/home/zoobab/soft/zooswio/build/core/core.a(wiring_digital.cpp.o)
                              /home/zoobab/soft/zooswio/build/sketch/zooswio.ino.cpp.o (pinMode)
/home/zoobab/soft/zooswio/build/core/core.a(wiring_private.cpp.o)
                              /home/zoobab/soft/zooswio/build/core/core.a(main.cpp.o) (interrupts)
/home/zoobab/soft/zooswio/build/core/core.a(CoreMutex.cpp.o)
                              /home/zoobab/soft/zooswio/build/core/core.a(SerialUSB.cpp.o) (_ZN9CoreMutexC1EP5mutexh)
/home/zoobab/soft/zooswio/build/core/core.a(wiring_analog.cpp.o)
                              /home/zoobab/soft/zooswio/build/core/core.a(wiring_digital.cpp.o) (_Z13__clearADCPinh)
/home/zoobab/.arduino15/packages/rp2040/hardware/rp2040/5.6.0/lib/rp2040/libpico.a(adc.c.o)
                              /home/zoobab/soft/zooswio/build/core/core.a(wiring_analog.cpp.o) (adc_init)
/home/zoobab/.arduino15/packages/rp2040/hardware/rp2040/5.6.0/lib/rp2040/libpico.a(panic.c.o)
                              /home/zoobab/soft/zooswio/build/core/core.a(main.cpp.o) (panic)
/home/zoobab/.arduino15/packages/rp2040/hardware/rp2040/5.6.0/lib/rp2040/libpico.a(sync.c.o)
                              /home/zoobab/soft/zooswio/build/core/core.a(main.cpp.o) (next_striped_spin_lock_num)
/home/zoobab/.arduino15/packages/rp2040/hardware/rp2040/5.6.0/lib/rp2040/libpico.a(gpio.c.o)
                              /home/zoobab/soft/zooswio/build/sketch/zooswio.ino.cpp.o (gpio_set_function)
/home/zoobab/.arduino15/packages/rp2040/hardware/rp2040/5.6.0/lib/rp2040/libpico.a(irq.c.o)
                              /home/zoobab/soft/zooswio/build/core/core.a(SerialUSB.cpp.o) (irq_set_enabled)
/home/zoobab/.arduino15/packages/rp2040/hardware/rp2040/5.6.0/lib/rp2040/libpico.a(irq_handler_chain.S.o)
                              /home/zoobab/.arduino15/packages/rp2040/hardware/rp2040/5.6.0/lib/rp2040/libpico.a(irq.c.o) (irq_handler_chain_slots)
/home/zoobab/.arduino15/packages/rp2040/hardware/rp2040/5.6.0/lib/rp2040/libpico.a(mutex.c.o)
                              /home/zoobab/soft/zooswio/build/core/core.a(USB.cpp.o) (mutex_init)
/home/zoobab/.arduino15/packages/rp2040/hardware/rp2040/5.6.0/lib/rp2040/libpico.a(time.c.o)
                              /home/zoobab/soft/zooswio/build/core/core.a(USB.cpp.o) (alarm_pool_get_default)
/home/zoobab/.arduino15/packages/rp2040/hardware/rp2040/5.6.0/lib/rp2040/libpico.a(timer.c.o)
                              /home/zoobab/.arduino15/packages/rp2040/hardware/rp2040/5.6.0/lib/rp2040/libpico.a(time.c.o) (timer_hardware_alarm_claim)
/home/zoobab/.arduino15/packages/rp2040/hardware/rp2040/5.6.0/lib/rp2040/libpico.a(queue.c.o)
                              /home/zoobab/soft/zooswio/build/core/core.a(main.cpp.o) (queue_init_with_spinlock)
/home/zoobab/.arduino15/packages/rp2040/hardware/rp2040/5.6.0/lib/rp2040/libpico.a(clocks.c.o)
                              /home/zoobab/soft/zooswio/build/core/core.a(wiring_analog.cpp.o) (clock_get_hz)
/home/zoobab/.arduino15/packages/rp2040/hardware/rp2040/5.6.0/lib/rp2040/libpico.a(pll.c.o)
                              /home/zoobab/.arduino15/packages/rp2040/hardware/rp2040/5.6.0/lib/rp2040/libpico.a(clocks.c.o) (pll_init)
/home/zoobab/.arduino15/packages/rp2040/hardware/rp2040/5.6.0/lib/rp2040/libpico.a(vreg.c.o)
                              /home/zoobab/soft/zooswio/build/core/core.a(main.cpp.o) (vreg_set_voltage)
/home/zoobab/.arduino15/packages/rp2040/hardware/rp2040/5.6.0/lib/rp2040/libpico.a(bootrom.c.o)
[...]
Memory Configuration

Name             Origin             Length             Attributes
FLASH            0x10000000         0x001ff000         xr
RAM              0x20000000         0x00040000         xrw
SCRATCH_X        0x20040000         0x00001000         xrw
SCRATCH_Y        0x20041000         0x00001000         xrw
*default*        0x00000000         0xffffffff

Linker script and memory map

LOAD /home/zoobab/.arduino15/packages/rp2040/tools/pqt-gcc/4.1.0-1aec55e/bin/../lib/gcc/arm-none-eabi/14.3.0/thumb/crti.o
LOAD /home/zoobab/.arduino15/packages/rp2040/tools/pqt-gcc/4.1.0-1aec55e/bin/../lib/gcc/arm-none-eabi/14.3.0/thumb/crtbegin.o
LOAD /home/zoobab/.arduino15/packages/rp2040/tools/pqt-gcc/4.1.0-1aec55e/bin/../lib/gcc/arm-none-eabi/14.3.0/../../../../arm-none-eabi/lib/thumb/crt0.o
                [!provide]                        PROVIDE (_EEPROM_start = 0x101ff000)
                [!provide]                        PROVIDE (_FS_start = 0x101ff000)
                [!provide]                        PROVIDE (_FS_end = 0x101ff000)

.flash_begin    0x10000000        0x0
                0x10000000                        __flash_binary_start = .

.boot2          0x10000000      0x100
                0x10000000                        __boot2_start__ = .
 *(.boot2)
 .boot2         0x10000000      0x100 /home/zoobab/soft/zooswio/build/boot2.o
                0x10000100                        __boot2_end__ = .
                0x00000001                        ASSERT (((__boot2_end__ - __boot2_start__) == 0x100), ERROR: Pico second stage bootloader must be 256 bytes in size)

.ota            0x10000100     0x27f4
 *(.OTA)
 .OTA           0x10000100     0x27f4 /home/zoobab/.arduino15/packages/rp2040/hardware/rp2040/5.6.0/lib/rp2040/ota.o
                0x10000100                _binary_ota_bin_start
                0x100028f4                _binary_ota_bin_end

.partition      0x100028f4      0x70c
                0x10002ff0                        . = (__flash_binary_start + 0x2ff0)
 *fill*         0x100028f4      0x6fc 
                0x10002ff0        0x4 LONG 0x101ff000
                0x10002ff4        0x4 LONG 0x101ff000
                0x10002ff8        0x4 LONG 0x101ff000
                0x10002ffc        0x4 LONG 0x1ff000

.text           0x10003000     0xcc68
                0x10003000                        __logical_binary_start = .
 *(.vectors)
 .vectors       0x10003000       0xd4 /home/zoobab/.arduino15/packages/rp2040/hardware/rp2040/5.6.0/lib/rp2040/libpico.a(crt0.S.o)
                0x10003000                __vectors
                0x10003000                __VECTOR_TABLE
                0x100030c0                isr_irq30
                0x100030c0                __unhandled_user_irq
                0x100030c0                isr_irq13
                0x100030c0                isr_irq27
                0x100030c0                isr_irq31
                0x100030c0                isr_irq5
                0x100030c0                isr_irq11
                0x100030c0                isr_irq23
                0x100030c0                isr_irq18
                0x100030c0                isr_irq28
                0x100030c0                isr_irq19
                0x100030c0                isr_irq0
                0x100030c0                isr_irq6
                0x100030c0                isr_irq22
                0x100030c0                isr_irq17
                0x100030c0                isr_irq14
                0x100030c0                __vectors_end
                0x100030c0                __default_isrs_start
                0x100030c0                isr_irq2
                0x100030c0                isr_irq10
                0x100030c0                isr_irq8
                0x100030c0                isr_irq24
                0x100030c0                isr_irq1
                0x100030c0                isr_irq7
                0x100030c0                isr_irq21
                0x100030c0                isr_irq20
                0x100030c0                isr_irq15
                0x100030c0                isr_irq25
                0x100030c0                isr_irq4
                0x100030c0                isr_irq16
                0x100030c0                isr_irq29
                0x100030c0                isr_irq26
                0x100030c0                isr_irq3
                0x100030c0                isr_irq12
                0x100030c0                isr_irq9
                0x100030c6                unhandled_user_irq_num_in_r0
                0x100030c8                isr_invalid
                0x100030ca                isr_nmi
                0x100030cc                isr_hardfault
                0x100030ce                isr_svcall
                0x100030d0                isr_pendsv
                0x100030d2                isr_systick
                0x100030d4                __default_isrs_end
 *(.binary_info_header)
 .binary_info_header
                0x100030d4        0x0 /home/zoobab/.arduino15/packages/rp2040/hardware/rp2040/5.6.0/lib/rp2040/libpico.a(crt0.S.o)
                0x100030d4                        __binary_info_header_end = .
 *(.embedded_block)
                0x100030d4                        __embedded_block_end = .
 *(.reset)
 .reset         0x100030d4       0x9c /home/zoobab/.arduino15/packages/rp2040/hardware/rp2040/5.6.0/lib/rp2040/libpico.a(crt0.S.o)
                0x100030d4                _entry_point
 *(.init)
 .init          0x10003170        0x4 /home/zoobab/.arduino15/packages/rp2040/tools/pqt-gcc/4.1.0-1aec55e/bin/../lib/gcc/arm-none-eabi/14.3.0/thumb/crti.o
                0x10003170                _init
 *(EXCLUDE_FILE(*dvi.c.o *PicoDVI.cpp.o *divider.S.obj *interp.c.obj *libm.a: *libc.a:*lib_a-mem*.o *libgcc.a:) .text*)
 .text          0x10003174       0x98 /home/zoobab/.arduino15/packages/rp2040/tools/pqt-gcc/4.1.0-1aec55e/bin/../lib/gcc/arm-none-eabi/14.3.0/thumb/crtbegin.o
 .text._ZL13swio_send_onev
                0x1000320c       0xd0 /home/zoobab/soft/zooswio/build/sketch/zooswio.ino.cpp.o
 .text._ZL14swio_send_zerov
                0x100032dc      0x210 /home/zoobab/soft/zooswio/build/sketch/zooswio.ino.cpp.o
 .text._Z14swio_write_reghm
                0x100034ec       0x4a /home/zoobab/soft/zooswio/build/sketch/zooswio.ino.cpp.o
                0x100034ec                _Z14swio_write_reghm
 .text._Z13swio_read_regh
                0x10003536       0xba /home/zoobab/soft/zooswio/build/sketch/zooswio.ino.cpp.o
                0x10003536                _Z13swio_read_regh
 .text._Z9swio_initv
                0x100035f0       0x34 /home/zoobab/soft/zooswio/build/sketch/zooswio.ino.cpp.o
                0x100035f0                _Z9swio_initv
 .text._Z12target_poweri
                0x10003624       0x10 /home/zoobab/soft/zooswio/build/sketch/zooswio.ino.cpp.o
                0x10003624                _Z12target_poweri
 .text.setup    0x10003634       0x30 /home/zoobab/soft/zooswio/build/sketch/zooswio.ino.cpp.o
                0x10003634                setup
 .text.loop     0x10003664       0xa8 /home/zoobab/soft/zooswio/build/sketch/zooswio.ino.cpp.o
                0x10003664                loop
 .text._ZN9SerialUSB5beginEmt
                0x1000370c        0xa /home/zoobab/soft/zooswio/build/core/core.a(SerialUSB.cpp.o)
                0x1000370c                _ZN9SerialUSB5beginEmt
 .text._ZN9SerialUSB5writeEh
                0x10003716       0x14 /home/zoobab/soft/zooswio/build/core/core.a(SerialUSB.cpp.o)
                0x10003716                _ZN9SerialUSB5writeEh
 *fill*         0x1000372a        0x2 
 .text._ZN9SerialUSB4peekEv
                0x1000372c       0x50 /home/zoobab/soft/zooswio/build/core/core.a(SerialUSB.cpp.o)
                0x1000372c                _ZN9SerialUSB4peekEv
 .text._ZN9SerialUSB9availableEv
                0x1000377c       0x40 /home/zoobab/soft/zooswio/build/core/core.a(SerialUSB.cpp.o)
                0x1000377c                _ZN9SerialUSB9availableEv
 .text._ZN9SerialUSB4readEv
                0x100037bc       0x5c /home/zoobab/soft/zooswio/build/core/core.a(SerialUSB.cpp.o)
                0x100037bc                _ZN9SerialUSB4readEv
 .text._ZN9SerialUSB17availableForWriteEv
                0x10003818       0x40 /home/zoobab/soft/zooswio/build/core/core.a(SerialUSB.cpp.o)
                0x10003818                _ZN9SerialUSB17availableForWriteEv
 .text._ZN9SerialUSB5flushEv
                0x10003858       0x3c /home/zoobab/soft/zooswio/build/core/core.a(SerialUSB.cpp.o)
                0x10003858                _ZN9SerialUSB5flushEv
 .text._ZN9SerialUSB5writeEPKhj
                0x10003894       0xf8 /home/zoobab/soft/zooswio/build/core/core.a(SerialUSB.cpp.o)
                0x10003894                _ZN9SerialUSB5writeEPKhj
 .text._ZN9SerialUSBcvbEv
                0x1000398c       0x3c /home/zoobab/soft/zooswio/build/core/core.a(SerialUSB.cpp.o)
                0x1000398c                _ZN9SerialUSBcvbEv
 .text._ZN9SerialUSB5beginEm
                0x100039c8       0x64 /home/zoobab/soft/zooswio/build/core/core.a(SerialUSB.cpp.o)
                0x100039c8                _ZN9SerialUSB5beginEm
 .text._ZN9SerialUSB3endEv
                0x10003a2c       0x3c /home/zoobab/soft/zooswio/build/core/core.a(SerialUSB.cpp.o)
                0x10003a2c                _ZN9SerialUSB3endEv
 .text._ZN9SerialUSBC2Ev
                0x10003a68       0x1c /home/zoobab/soft/zooswio/build/core/core.a(SerialUSB.cpp.o)
                0x10003a68                _ZN9SerialUSBC1Ev
                0x10003a68                _ZN9SerialUSBC2Ev
 .text._ZN9SerialUSB11interfaceCBEiPhi
                0x10003a84       0xd8 /home/zoobab/soft/zooswio/build/core/core.a(SerialUSB.cpp.o)
                0x10003a84                _ZN9SerialUSB11interfaceCBEiPhi
 .text._ZN9SerialUSB3_cbEiPhiPv
                0x10003b5c       0x12 /home/zoobab/soft/zooswio/build/core/core.a(SerialUSB.cpp.o)
                0x10003b5c                _ZN9SerialUSB3_cbEiPhiPv
 *fill*         0x10003b6e        0x2 
 .text._ZN9SerialUSB16checkSerialResetEv
                0x10003b70       0x44 /home/zoobab/soft/zooswio/build/core/core.a(SerialUSB.cpp.o)
                0x10003b70                _ZN9SerialUSB16checkSerialResetEv
 .text.tud_cdc_line_state_cb
                0x10003bb4       0x20 /home/zoobab/soft/zooswio/build/core/core.a(SerialUSB.cpp.o)
                0x10003bb4                tud_cdc_line_state_cb
 .text.tud_cdc_line_coding_cb
                0x10003bd4       0x30 /home/zoobab/soft/zooswio/build/core/core.a(SerialUSB.cpp.o)
                0x10003bd4                tud_cdc_line_coding_cb
 .text._ZN7arduino14serialEventRunEv
                0x10003c04       0x20 /home/zoobab/soft/zooswio/build/core/core.a(SerialUSB.cpp.o)
                0x10003c04                _ZN7arduino14serialEventRunEv
 .text.startup._GLOBAL__sub_I__ZN9SerialUSBC2Ev
                0x10003c24       0x10 /home/zoobab/soft/zooswio/build/core/core.a(SerialUSB.cpp.o)
 .text._ZN8USBClass15simpleInterfaceEiPhiPv
                0x10003c34       0x12 /home/zoobab/soft/zooswio/build/core/core.a(USB.cpp.o)
                0x10003c34                _ZN8USBClass15simpleInterfaceEiPhiPv
 *fill*         0x10003c46        0x2 
 .text._ZN8USBClass9timerTaskElPv
                0x10003c48       0x18 /home/zoobab/soft/zooswio/build/core/core.a(USB.cpp.o)
                0x10003c48                _ZN8USBClass9timerTaskElPv
 .text._ZN8USBClass6usbIRQEv
                0x10003c60       0x28 /home/zoobab/soft/zooswio/build/core/core.a(USB.cpp.o)
                0x10003c60                _ZN8USBClass6usbIRQEv
 .text._ZN8USBClass18registerEndpointInEv
                0x10003c88       0x1c /home/zoobab/soft/zooswio/build/core/core.a(USB.cpp.o)
                0x10003c88                _ZN8USBClass18registerEndpointInEv
 .text._ZN8USBClass20unregisterEndpointInEi
                0x10003ca4        0xc /home/zoobab/soft/zooswio/build/core/core.a(USB.cpp.o)
                0x10003ca4                _ZN8USBClass20unregisterEndpointInEi
 .text._ZN8USBClass19registerEndpointOutEv
                0x10003cb0       0x1a /home/zoobab/soft/zooswio/build/core/core.a(USB.cpp.o)
                0x10003cb0                _ZN8USBClass19registerEndpointOutEv
 .text._ZN8USBClass21unregisterEndpointOutEi
                0x10003cca        0xe /home/zoobab/soft/zooswio/build/core/core.a(USB.cpp.o)
                0x10003cca                _ZN8USBClass21unregisterEndpointOutEi
 .text._ZN8USBClass8addEntryEPPNS_5EntryEiPFviPhiPvEPKvjim
                0x10003cd8       0x80 /home/zoobab/soft/zooswio/build/core/core.a(USB.cpp.o)
                0x10003cd8                _ZN8USBClass8addEntryEPPNS_5EntryEiPFviPhiPvEPKvjim
 .text._ZN8USBClass11removeEntryEPPNS_5EntryEj
                0x10003d58       0x34 /home/zoobab/soft/zooswio/build/core/core.a(USB.cpp.o)
                0x10003d58                _ZN8USBClass11removeEntryEPPNS_5EntryEj
 .text._ZN8USBClass17registerInterfaceEiPFviPhiPvES1_jim
                0x10003d8c       0x24 /home/zoobab/soft/zooswio/build/core/core.a(USB.cpp.o)
                0x10003d8c                _ZN8USBClass17registerInterfaceEiPFviPhiPvES1_jim
 .text._ZN8USBClass19unregisterInterfaceEj
                0x10003db0        0xe /home/zoobab/soft/zooswio/build/core/core.a(USB.cpp.o)
                0x10003db0                _ZN8USBClass19unregisterInterfaceEj
 *fill*         0x10003dbe        0x2 
 .text._ZN8USBClass14registerStringEPKc
                0x10003dc0       0x5c /home/zoobab/soft/zooswio/build/core/core.a(USB.cpp.o)
                0x10003dc0                _ZN8USBClass14registerStringEPKc
 .text._ZN8USBClass24tud_descriptor_device_cbEv
                0x10003e1c      0x114 /home/zoobab/soft/zooswio/build/core/core.a(USB.cpp.o)
                0x10003e1c                _ZN8USBClass24tud_descriptor_device_cbEv
 .text.tud_descriptor_device_cb
                0x10003f30       0x10 /home/zoobab/soft/zooswio/build/core/core.a(USB.cpp.o)
                0x10003f30                tud_descriptor_device_cb
 .text._ZN8USBClass18setupDescHIDReportEv
                0x10003f40       0x5a /home/zoobab/soft/zooswio/build/core/core.a(USB.cpp.o)
                0x10003f40                _ZN8USBClass18setupDescHIDReportEv
 *fill*         0x10003f9a        0x2 
 .text.tud_descriptor_configuration_cb
                0x10003f9c        0xc /home/zoobab/soft/zooswio/build/core/core.a(USB.cpp.o)
                0x10003f9c                tud_descriptor_configuration_cb
 .text._ZN8USBClass18setupUSBDescriptorEv
                0x10003fa8      0x11c /home/zoobab/soft/zooswio/build/core/core.a(USB.cpp.o)
                0x10003fa8                _ZN8USBClass18setupUSBDescriptorEv
 .text._ZN8USBClass24tud_descriptor_string_cbEht
                0x100040c4       0x50 /home/zoobab/soft/zooswio/build/core/core.a(USB.cpp.o)
                0x100040c4                _ZN8USBClass24tud_descriptor_string_cbEht
 .text.tud_descriptor_string_cb
                0x10004114       0x14 /home/zoobab/soft/zooswio/build/core/core.a(USB.cpp.o)
                0x10004114                tud_descriptor_string_cb
 .text._ZN8USBClass10disconnectEv
                0x10004128       0x60 /home/zoobab/soft/zooswio/build/core/core.a(USB.cpp.o)
                0x10004128                _ZN8USBClass10disconnectEv
 .text._ZN8USBClass7connectEv
                0x10004188       0x28 /home/zoobab/soft/zooswio/build/core/core.a(USB.cpp.o)
                0x10004188                _ZN8USBClass7connectEv
 .text._ZN8USBClass5beginEv
                0x100041b0       0x80 /home/zoobab/soft/zooswio/build/core/core.a(USB.cpp.o)
                0x100041b0                _ZN8USBClass5beginEv
 .text.startup._GLOBAL__sub_I_USB
                0x10004230       0x30 /home/zoobab/soft/zooswio/build/core/core.a(USB.cpp.o)
 .text._ZN7arduino6Stream9timedReadEv
                0x10004260       0x2a /home/zoobab/soft/zooswio/build/core/core.a(Stream.cpp.o)
                0x10004260                _ZN7arduino6Stream9timedReadEv
 .text._ZN7arduino6Stream9readBytesEPcj
                0x1000428a       0x22 /home/zoobab/soft/zooswio/build/core/core.a(Stream.cpp.o)
                0x1000428a                _ZN7arduino6Stream9readBytesEPcj
 .text._ZN7arduino6String10invalidateEv
                0x100042ac       0x18 /home/zoobab/soft/zooswio/build/core/core.a(String.cpp.o)
                0x100042ac                _ZN7arduino6String10invalidateEv
 .text._ZN7arduino6String12changeBufferEj
                0x100042c4       0x18 /home/zoobab/soft/zooswio/build/core/core.a(String.cpp.o)
                0x100042c4                _ZN7arduino6String12changeBufferEj
 .text._ZN7arduino6String7reserveEj
                0x100042dc       0x28 /home/zoobab/soft/zooswio/build/core/core.a(String.cpp.o)
                0x100042dc                _ZN7arduino6String7reserveEj
 .text._ZN7arduino6String4copyEPKcj
                0x10004304       0x32 /home/zoobab/soft/zooswio/build/core/core.a(String.cpp.o)
                0x10004304                _ZN7arduino6String4copyEPKcj
 .text._ZN7arduino6StringC2EPKc
                0x10004336       0x26 /home/zoobab/soft/zooswio/build/core/core.a(String.cpp.o)
                0x10004336                _ZN7arduino6StringC1EPKc
                0x10004336                _ZN7arduino6StringC2EPKc
 .text.delay    0x1000435c        0xc /home/zoobab/soft/zooswio/build/core/core.a(delay.cpp.o)
                0x1000435c                delay
 .text.delayMicroseconds
                0x10004368        0xe /home/zoobab/soft/zooswio/build/core/core.a(delay.cpp.o)
                0x10004368                delayMicroseconds
 .text.millis   0x10004376       0x20 /home/zoobab/soft/zooswio/build/core/core.a(delay.cpp.o)
                0x10004376                millis
 *fill*         0x10004396        0x2 
 .text._ZN6_MFIFO12registerCoreEv.isra.0
                0x10004398       0x24 /home/zoobab/soft/zooswio/build/core/core.a(main.cpp.o)
 .text._Z5main1v
                0x100043bc       0x60 /home/zoobab/soft/zooswio/build/core/core.a(main.cpp.o)
                0x100043bc                _Z5main1v
 .text.initVariant
                0x1000441c        0x2 /home/zoobab/soft/zooswio/build/core/core.a(main.cpp.o)
                0x1000441c                initVariant
 *fill*         0x1000441e        0x2 
 .text._Z6__loopv
                0x10004420       0x30 /home/zoobab/soft/zooswio/build/core/core.a(main.cpp.o)
                0x10004420                _Z6__loopv
 .text.__wrap___getreent
                0x10004450       0x1c /home/zoobab/soft/zooswio/build/core/core.a(main.cpp.o)
                0x10004450                __wrap___getreent
 .text.startup._GLOBAL__sub_I_rp2040
                0x1000446c       0x2c /home/zoobab/soft/zooswio/build/core/core.a(main.cpp.o)
 .text.startup.main
                0x10004498      0x178 /home/zoobab/soft/zooswio/build/core/core.a(main.cpp.o)
                0x10004498                main
 .text.__wrap_malloc
                0x10004610       0x18 /home/zoobab/soft/zooswio/build/core/core.a(malloc-lock.cpp.o)
                0x10004610                __wrap_malloc
 .text.__wrap_calloc
                0x10004628       0x1c /home/zoobab/soft/zooswio/build/core/core.a(malloc-lock.cpp.o)
                0x10004628                __wrap_calloc
 .text.__wrap_realloc
                0x10004644       0x1c /home/zoobab/soft/zooswio/build/core/core.a(malloc-lock.cpp.o)
                0x10004644                __wrap_realloc
 .text.__wrap_free
                0x10004660       0x14 /home/zoobab/soft/zooswio/build/core/core.a(malloc-lock.cpp.o)
                0x10004660                __wrap_free
 .text.__pinMode
                0x10004674       0xc0 /home/zoobab/soft/zooswio/build/core/core.a(wiring_digital.cpp.o)
                0x10004674                __pinMode
                0x10004674                pinMode
 .text.__digitalWrite
                0x10004734       0x44 /home/zoobab/soft/zooswio/build/core/core.a(wiring_digital.cpp.o)
                0x10004734                digitalWrite
                0x10004734                __digitalWrite
 .text.interrupts
                0x10004778       0x30 /home/zoobab/soft/zooswio/build/core/core.a(wiring_private.cpp.o)
                0x10004778                interrupts
 .text.noInterrupts
                0x100047a8       0x44 /home/zoobab/soft/zooswio/build/core/core.a(wiring_private.cpp.o)
                0x100047a8                noInterrupts
 .text._ZN9CoreMutexC2EP5mutexh
                0x100047ec       0x32 /home/zoobab/soft/zooswio/build/core/core.a(CoreMutex.cpp.o)
                0x100047ec                _ZN9CoreMutexC2EP5mutexh
                0x100047ec                _ZN9CoreMutexC1EP5mutexh
 .text._ZN9CoreMutexD2Ev
                0x1000481e       0x14 /home/zoobab/soft/zooswio/build/core/core.a(CoreMutex.cpp.o)
                0x1000481e                _ZN9CoreMutexD2Ev
                0x1000481e                _ZN9CoreMutexD1Ev
 *fill*         0x10004832        0x2 
 .text._Z13__clearADCPinh
                0x10004834       0x20 /home/zoobab/soft/zooswio/build/core/core.a(wiring_analog.cpp.o)
                0x10004834                _Z13__clearADCPinh
 .text.panic    0x10004854       0x30 /home/zoobab/.arduino15/packages/rp2040/hardware/rp2040/5.6.0/lib/rp2040/libpico.a(panic.c.o)
                0x10004854                panic
 .text.next_striped_spin_lock_num
                0x10004884       0x18 /home/zoobab/.arduino15/packages/rp2040/hardware/rp2040/5.6.0/lib/rp2040/libpico.a(sync.c.o)
                0x10004884                next_striped_spin_lock_num
 .text.spin_lock_claim_unused
                0x1000489c       0x20 /home/zoobab/.arduino15/packages/rp2040/hardware/rp2040/5.6.0/lib/rp2040/libpico.a(sync.c.o)
                0x1000489c                spin_lock_claim_unused
 .text.gpio_set_function
                0x100048bc       0x30 /home/zoobab/.arduino15/packages/rp2040/hardware/rp2040/5.6.0/lib/rp2040/libpico.a(gpio.c.o)
                0x100048bc                gpio_set_function
 .text.gpio_get_function
                0x100048ec       0x14 /home/zoobab/.arduino15/packages/rp2040/hardware/rp2040/5.6.0/lib/rp2040/libpico.a(gpio.c.o)
                0x100048ec                gpio_get_function
 .text.gpio_set_pulls
                0x10004900       0x24 /home/zoobab/.arduino15/packages/rp2040/hardware/rp2040/5.6.0/lib/rp2040/libpico.a(gpio.c.o)
                0x10004900                gpio_set_pulls
 .text.gpio_set_inover
                0x10004924       0x24 /home/zoobab/.arduino15/packages/rp2040/hardware/rp2040/5.6.0/lib/rp2040/libpico.a(gpio.c.o)
                0x10004924                gpio_set_inover
 .text.gpio_set_oeover
                0x10004948       0x24 /home/zoobab/.arduino15/packages/rp2040/hardware/rp2040/5.6.0/lib/rp2040/libpico.a(gpio.c.o)
                0x10004948                gpio_set_oeover
 .text.gpio_set_drive_strength
                0x1000496c       0x20 /home/zoobab/.arduino15/packages/rp2040/hardware/rp2040/5.6.0/lib/rp2040/libpico.a(gpio.c.o)
                0x1000496c                gpio_set_drive_strength
 .text.gpio_init
                0x1000498c       0x16 /home/zoobab/.arduino15/packages/rp2040/hardware/rp2040/5.6.0/lib/rp2040/libpico.a(gpio.c.o)
                0x1000498c                gpio_init
 *fill*         0x100049a2        0x2 
 .text.set_raw_irq_handler_and_unlock
                0x100049a4       0x28 /home/zoobab/.arduino15/packages/rp2040/hardware/rp2040/5.6.0/lib/rp2040/libpico.a(irq.c.o)
 .text.runtime_init_per_core_irq_priorities
                0x100049cc       0x24 /home/zoobab/.arduino15/packages/rp2040/hardware/rp2040/5.6.0/lib/rp2040/libpico.a(irq.c.o)
                0x100049cc                runtime_init_per_core_irq_priorities
 .text.irq_set_enabled
                0x100049f0       0x28 /home/zoobab/.arduino15/packages/rp2040/hardware/rp2040/5.6.0/lib/rp2040/libpico.a(irq.c.o)
                0x100049f0                irq_set_enabled
 .text.irq_is_enabled
                0x10004a18       0x18 /home/zoobab/.arduino15/packages/rp2040/hardware/rp2040/5.6.0/lib/rp2040/libpico.a(irq.c.o)
                0x10004a18                irq_is_enabled
 .text.irq_set_pending
                0x10004a30       0x10 /home/zoobab/.arduino15/packages/rp2040/hardware/rp2040/5.6.0/lib/rp2040/libpico.a(irq.c.o)
                0x10004a30                irq_set_pending
 .text.irq_get_vtable_handler
                0x10004a40       0x10 /home/zoobab/.arduino15/packages/rp2040/hardware/rp2040/5.6.0/lib/rp2040/libpico.a(irq.c.o)
                0x10004a40                irq_get_vtable_handler
 .text.irq_set_exclusive_handler
                0x10004a50       0x40 /home/zoobab/.arduino15/packages/rp2040/hardware/rp2040/5.6.0/lib/rp2040/libpico.a(irq.c.o)
                0x10004a50                irq_set_exclusive_handler
 .text.irq_add_shared_handler
                0x10004a90      0x19c /home/zoobab/.arduino15/packages/rp2040/hardware/rp2040/5.6.0/lib/rp2040/libpico.a(irq.c.o)
                0x10004a90                irq_add_shared_handler
 .text.irq_add_tail_to_free_list
                0x10004c2c       0xa0 /home/zoobab/.arduino15/packages/rp2040/hardware/rp2040/5.6.0/lib/rp2040/libpico.a(irq.c.o)
                0x10004c2c                irq_add_tail_to_free_list
 .text.user_irq_claim_unused
                0x10004ccc       0x28 /home/zoobab/.arduino15/packages/rp2040/hardware/rp2040/5.6.0/lib/rp2040/libpico.a(irq.c.o)
                0x10004ccc                user_irq_claim_unused
 .text.mutex_init
                0x10004cf4       0x1a /home/zoobab/.arduino15/packages/rp2040/hardware/rp2040/5.6.0/lib/rp2040/libpico.a(mutex.c.o)
                0x10004cf4                mutex_init
 .text.recursive_mutex_init
                0x10004d0e       0x1a /home/zoobab/.arduino15/packages/rp2040/hardware/rp2040/5.6.0/lib/rp2040/libpico.a(mutex.c.o)
                0x10004d0e                recursive_mutex_init
 .text.runtime_init_mutex
                0x10004d28       0x2c /home/zoobab/.arduino15/packages/rp2040/hardware/rp2040/5.6.0/lib/rp2040/libpico.a(mutex.c.o)
                0x10004d28                runtime_init_mutex
 .text.sleep_until_callback
                0x10004d54       0x30 /home/zoobab/.arduino15/packages/rp2040/hardware/rp2040/5.6.0/lib/rp2040/libpico.a(time.c.o)
 .text.alarm_pool_post_alloc_init
                0x10004d84       0x7c /home/zoobab/.arduino15/packages/rp2040/hardware/rp2040/5.6.0/lib/rp2040/libpico.a(time.c.o)
 .text.runtime_init_default_alarm_pool
                0x10004e00       0x34 /home/zoobab/.arduino15/packages/rp2040/hardware/rp2040/5.6.0/lib/rp2040/libpico.a(time.c.o)
                0x10004e00                runtime_init_default_alarm_pool
 .text.time_reached
                0x10004e34       0x24 /home/zoobab/.arduino15/packages/rp2040/hardware/rp2040/5.6.0/lib/rp2040/libpico.a(time.c.o)
 .text.alarm_pool_irq_handler
                0x10004e58      0x274 /home/zoobab/.arduino15/packages/rp2040/hardware/rp2040/5.6.0/lib/rp2040/libpico.a(time.c.o)
 .text.alarm_pool_get_default
                0x100050cc        0x8 /home/zoobab/.arduino15/packages/rp2040/hardware/rp2040/5.6.0/lib/rp2040/libpico.a(time.c.o)
                0x100050cc                alarm_pool_get_default
 .text.alarm_pool_add_alarm_at_force_in_context
                0x100050d4       0xa0 /home/zoobab/.arduino15/packages/rp2040/hardware/rp2040/5.6.0/lib/rp2040/libpico.a(time.c.o)
                0x100050d4                alarm_pool_add_alarm_at_force_in_context
 .text.alarm_pool_add_alarm_at
                0x10005174       0x38 /home/zoobab/.arduino15/packages/rp2040/hardware/rp2040/5.6.0/lib/rp2040/libpico.a(time.c.o)
                0x10005174                alarm_pool_add_alarm_at
 .text.alarm_pool_cancel_alarm
                0x100051ac       0x68 /home/zoobab/.arduino15/packages/rp2040/hardware/rp2040/5.6.0/lib/rp2040/libpico.a(time.c.o)
                0x100051ac                alarm_pool_cancel_alarm
 .text.sleep_until
                0x10005214       0x98 /home/zoobab/.arduino15/packages/rp2040/hardware/rp2040/5.6.0/lib/rp2040/libpico.a(time.c.o)
                0x10005214                sleep_until
 .text.sleep_us
                0x100052ac       0x24 /home/zoobab/.arduino15/packages/rp2040/hardware/rp2040/5.6.0/lib/rp2040/libpico.a(time.c.o)
                0x100052ac                sleep_us
 .text.sleep_ms
                0x100052d0       0x14 /home/zoobab/.arduino15/packages/rp2040/hardware/rp2040/5.6.0/lib/rp2040/libpico.a(time.c.o)
                0x100052d0                sleep_ms
 .text.best_effort_wfe_or_timeout
                0x100052e4       0x94 /home/zoobab/.arduino15/packages/rp2040/hardware/rp2040/5.6.0/lib/rp2040/libpico.a(time.c.o)
                0x100052e4                best_effort_wfe_or_timeout
 .text.timer_hardware_alarm_claim
                0x10005378       0x14 /home/zoobab/.arduino15/packages/rp2040/hardware/rp2040/5.6.0/lib/rp2040/libpico.a(timer.c.o)
                0x10005378                timer_hardware_alarm_claim
 .text.timer_time_us_64
                0x1000538c       0x10 /home/zoobab/.arduino15/packages/rp2040/hardware/rp2040/5.6.0/lib/rp2040/libpico.a(timer.c.o)
                0x1000538c                timer_time_us_64
 .text.timer_busy_wait_until
                0x1000539c       0x16 /home/zoobab/.arduino15/packages/rp2040/hardware/rp2040/5.6.0/lib/rp2040/libpico.a(timer.c.o)
                0x1000539c                timer_busy_wait_until
 .text.timer_busy_wait_us
                0x100053b2       0x30 /home/zoobab/.arduino15/packages/rp2040/hardware/rp2040/5.6.0/lib/rp2040/libpico.a(timer.c.o)
                0x100053b2                timer_busy_wait_us
 *fill*         0x100053e2        0x2 
 .text.time_us_64
                0x100053e4       0x10 /home/zoobab/.arduino15/packages/rp2040/hardware/rp2040/5.6.0/lib/rp2040/libpico.a(timer.c.o)
                0x100053e4                time_us_64
 .text.busy_wait_us
                0x100053f4       0x14 /home/zoobab/.arduino15/packages/rp2040/hardware/rp2040/5.6.0/lib/rp2040/libpico.a(timer.c.o)
                0x100053f4                busy_wait_us
 .text.timer_busy_wait_us_32
                0x10005408       0x1c /home/zoobab/.arduino15/packages/rp2040/hardware/rp2040/5.6.0/lib/rp2040/libpico.a(timer.c.o)
                0x10005408                timer_busy_wait_us_32
 .text.timer_busy_wait_ms
                0x10005424       0x38 /home/zoobab/.arduino15/packages/rp2040/hardware/rp2040/5.6.0/lib/rp2040/libpico.a(timer.c.o)
                0x10005424                timer_busy_wait_ms
 .text.busy_wait_ms
                0x1000545c       0x10 /home/zoobab/.arduino15/packages/rp2040/hardware/rp2040/5.6.0/lib/rp2040/libpico.a(timer.c.o)
                0x1000545c                busy_wait_ms
 .text.busy_wait_until
                0x1000546c       0x14 /home/zoobab/.arduino15/packages/rp2040/hardware/rp2040/5.6.0/lib/rp2040/libpico.a(timer.c.o)
                0x1000546c                busy_wait_until
 .text.queue_init_with_spinlock
                0x10005480       0x22 /home/zoobab/.arduino15/packages/rp2040/hardware/rp2040/5.6.0/lib/rp2040/libpico.a(queue.c.o)
                0x10005480                queue_init_with_spinlock
 *fill*         0x100054a2        0x2 
 .text.clock_configure_internal
                0x100054a4       0xa8 /home/zoobab/.arduino15/packages/rp2040/hardware/rp2040/5.6.0/lib/rp2040/libpico.a(clocks.c.o)
 .text.clock_configure_int_divider
                0x1000554c       0x24 /home/zoobab/.arduino15/packages/rp2040/hardware/rp2040/5.6.0/lib/rp2040/libpico.a(clocks.c.o)
                0x1000554c                clock_configure_int_divider
 .text.clock_configure_undivided
                0x10005570        0xe /home/zoobab/.arduino15/packages/rp2040/hardware/rp2040/5.6.0/lib/rp2040/libpico.a(clocks.c.o)
                0x10005570                clock_configure_undivided
 *fill*         0x1000557e        0x2 
 .text.clock_get_hz
                0x10005580        0xc /home/zoobab/.arduino15/packages/rp2040/hardware/rp2040/5.6.0/lib/rp2040/libpico.a(clocks.c.o)
                0x10005580                clock_get_hz
 .text.set_sys_clock_pll
                0x1000558c       0x60 /home/zoobab/.arduino15/packages/rp2040/hardware/rp2040/5.6.0/lib/rp2040/libpico.a(clocks.c.o)
                0x1000558c                set_sys_clock_pll
 .text.check_sys_clock_khz
                0x100055ec       0x78 /home/zoobab/.arduino15/packages/rp2040/hardware/rp2040/5.6.0/lib/rp2040/libpico.a(clocks.c.o)
                0x100055ec                check_sys_clock_khz
 .text.pll_init
                0x10005664       0x9c /home/zoobab/.arduino15/packages/rp2040/hardware/rp2040/5.6.0/lib/rp2040/libpico.a(pll.c.o)
                0x10005664                pll_init
 .text.vreg_set_voltage
                0x10005700       0x1c /home/zoobab/.arduino15/packages/rp2040/hardware/rp2040/5.6.0/lib/rp2040/libpico.a(vreg.c.o)
                0x10005700                vreg_set_voltage
 .text.vreg_get_voltage
                0x1000571c       0x10 /home/zoobab/.arduino15/packages/rp2040/hardware/rp2040/5.6.0/lib/rp2040/libpico.a(vreg.c.o)
                0x1000571c                vreg_get_voltage
 .text.rom_func_lookup
                0x1000572c       0x10 /home/zoobab/.arduino15/packages/rp2040/hardware/rp2040/5.6.0/lib/rp2040/libpico.a(bootrom.c.o)
                0x1000572c                rom_func_lookup
 .text.rom_data_lookup
                0x1000573c       0x10 /home/zoobab/.arduino15/packages/rp2040/hardware/rp2040/5.6.0/lib/rp2040/libpico.a(bootrom.c.o)
                0x1000573c                rom_data_lookup
 .text.rom_funcs_lookup
                0x1000574c       0x24 /home/zoobab/.arduino15/packages/rp2040/hardware/rp2040/5.6.0/lib/rp2040/libpico.a(bootrom.c.o)
                0x1000574c                rom_funcs_lookup
 .text.rom_reset_usb_boot
                0x10005770       0x18 /home/zoobab/.arduino15/packages/rp2040/hardware/rp2040/5.6.0/lib/rp2040/libpico.a(bootrom.c.o)
                0x10005770                rom_reset_usb_boot
 .text.exception_get_vtable_handler
                0x10005788       0x10 /home/zoobab/.arduino15/packages/rp2040/hardware/rp2040/5.6.0/lib/rp2040/libpico.a(exception.c.o)
                0x10005788                exception_get_vtable_handler
 .text.exception_set_exclusive_handler
                0x10005798       0x48 /home/zoobab/.arduino15/packages/rp2040/hardware/rp2040/5.6.0/lib/rp2040/libpico.a(exception.c.o)
                0x10005798                exception_set_exclusive_handler
 .text          0x100057e0       0x10 /home/zoobab/.arduino15/packages/rp2040/hardware/rp2040/5.6.0/lib/rp2040/libpico.a(bit_ops_aeabi.S.o)
 .text.ctzsi    0x100057f0        0xc /home/zoobab/.arduino15/packages/rp2040/hardware/rp2040/5.6.0/lib/rp2040/libpico.a(bit_ops_aeabi.S.o)
                0x100057f0                __wrap___ctzsi2
 .text.__wrap___aeabi_idiv
                0x100057fc       0x50 /home/zoobab/.arduino15/packages/rp2040/hardware/rp2040/5.6.0/lib/rp2040/libpico.a(divider_hardware.S.o)
                0x100057fc                __wrap___aeabi_idivmod
                0x100057fc                divmod_s32s32
                0x100057fc                div_s32s32
                0x100057fc                __wrap___aeabi_idiv
                0x10005804                divmod_s32s32_unsafe
                0x10005830                divmod_s32s32_savestate
 .text.__wrap___aeabi_uidiv
                0x1000584c       0x4c /home/zoobab/.arduino15/packages/rp2040/hardware/rp2040/5.6.0/lib/rp2040/libpico.a(divider_hardware.S.o)
                0x1000584c                __wrap___aeabi_uidiv
                0x1000584c                __wrap___aeabi_uidivmod
                0x1000584c                div_u32u32
                0x1000584c                divmod_u32u32
                0x10005854                divmod_u32u32_unsafe
                0x1000587c                divmod_u32u32_savestate
 .text.__wrap___aeabi_ldiv
                0x10005898      0x424 /home/zoobab/.arduino15/packages/rp2040/hardware/rp2040/5.6.0/lib/rp2040/libpico.a(divider_hardware.S.o)
                0x10005898                div_s64s64
                0x10005898                divmod_s64s64
                0x10005898                __wrap___aeabi_ldivmod
                0x100058c8                div_u64u64
                0x100058c8                divmod_u64u64
                0x100058c8                __wrap___aeabi_uldivmod
                0x100058d8                divmod_u64u64_savestate
                0x100058f8                divmod_s64s64_unsafe
                0x10005980                divmod_u64u64_unsafe
 .text.__wrap___aeabi_darithmetic
                0x10005cbc       0x80 /home/zoobab/.arduino15/packages/rp2040/hardware/rp2040/5.6.0/lib/rp2040/libpico.a(double_aeabi_rp2040.S.o)
                0x10005cbc                __wrap___aeabi_drsub
                0x10005cc2                __wrap___aeabi_dsub
                0x10005cd4                __wrap___aeabi_dadd
                0x10005ce6                __wrap___aeabi_ddiv
                0x10005d22                __wrap___aeabi_dmul
 .text.__wrap___aeabi_cdcmple
                0x10005d3c       0x6c /home/zoobab/.arduino15/packages/rp2040/hardware/rp2040/5.6.0/lib/rp2040/libpico.a(double_aeabi_rp2040.S.o)
                0x10005d3c                __wrap___aeabi_cdrcmple
                0x10005d4c                __wrap___aeabi_cdcmple
                0x10005d4c                __wrap___aeabi_cdcmpeq
 .text.__wrap___aeabi_dcmpeq
                0x10005da8       0x10 /home/zoobab/.arduino15/packages/rp2040/hardware/rp2040/5.6.0/lib/rp2040/libpico.a(double_aeabi_rp2040.S.o)
                0x10005da8                __wrap___aeabi_dcmpeq
 .text.__wrap___aeabi_dcmplt
                0x10005db8        0xc /home/zoobab/.arduino15/packages/rp2040/hardware/rp2040/5.6.0/lib/rp2040/libpico.a(double_aeabi_rp2040.S.o)
                0x10005db8                __wrap___aeabi_dcmplt
 .text.__wrap___aeabi_dcmple
                0x10005dc4       0x10 /home/zoobab/.arduino15/packages/rp2040/hardware/rp2040/5.6.0/lib/rp2040/libpico.a(double_aeabi_rp2040.S.o)
                0x10005dc4                __wrap___aeabi_dcmple
 .text.__wrap___aeabi_dcmpgt
                0x10005dd4        0xa /home/zoobab/.arduino15/packages/rp2040/hardware/rp2040/5.6.0/lib/rp2040/libpico.a(double_aeabi_rp2040.S.o)
                0x10005dd4                __wrap___aeabi_dcmpgt
 .text.__wrap___aeabi_dcmpun
                0x10005dde       0x18 /home/zoobab/.arduino15/packages/rp2040/hardware/rp2040/5.6.0/lib/rp2040/libpico.a(double_aeabi_rp2040.S.o)
                0x10005dde                __wrap___aeabi_dcmpun
 *fill*         0x10005df6        0x2 
 .text.__wrap___aeabi_i2d
                0x10005df8       0x38 /home/zoobab/.arduino15/packages/rp2040/hardware/rp2040/5.6.0/lib/rp2040/libpico.a(double_aeabi_rp2040.S.o)
                0x10005df8                __wrap___aeabi_ui2d
                0x10005df8                uint2double
                0x10005e00                __wrap___aeabi_i2d
                0x10005e00                int2double
 .text.__wrap___aeabi_d2iz
                0x10005e30       0x48 /home/zoobab/.arduino15/packages/rp2040/hardware/rp2040/5.6.0/lib/rp2040/libpico.a(double_aeabi_rp2040.S.o)
                0x10005e30                __wrap___aeabi_d2iz
                0x10005e30                double2int_z
 .text.__aeabi_double_init
                0x10005e78       0x64 /home/zoobab/.arduino15/packages/rp2040/hardware/rp2040/5.6.0/lib/rp2040/libpico.a(double_init_rom_rp2040.c.o)
                0x10005e78                __aeabi_double_init
 .text.double_table_shim_on_use_helper
                0x10005edc       0x2c /home/zoobab/.arduino15/packages/rp2040/hardware/rp2040/5.6.0/lib/rp2040/libpico.a(double_v1_rom_shim_rp2040.S.o)
                0x10005edc                double_table_shim_on_use_helper
 .text.__wrap___aeabi_dsub
                0x10005f08       0x10 /home/zoobab/.arduino15/packages/rp2040/hardware/rp2040/5.6.0/lib/rp2040/libpico.a(double_v1_rom_shim_rp2040.S.o)
                0x10005f08                drsub_shim
                0x10005f0e                dsub_shim
 .text.dadd_shim
                0x10005f18      0x15c /home/zoobab/.arduino15/packages/rp2040/hardware/rp2040/5.6.0/lib/rp2040/libpico.a(double_v1_rom_shim_rp2040.S.o)
                0x10005f18                dadd_shim
 .text.dmul_shim
                0x10006074      0x15c /home/zoobab/.arduino15/packages/rp2040/hardware/rp2040/5.6.0/lib/rp2040/libpico.a(double_v1_rom_shim_rp2040.S.o)
                0x10006074                dmul_shim
 .text.ddiv_shim
                0x100061d0      0x1b0 /home/zoobab/.arduino15/packages/rp2040/hardware/rp2040/5.6.0/lib/rp2040/libpico.a(double_v1_rom_shim_rp2040.S.o)
                0x100061d0                ddiv_shim
 .text.__aeabi_float_init
                0x10006380       0x5c /home/zoobab/.arduino15/packages/rp2040/hardware/rp2040/5.6.0/lib/rp2040/libpico.a(float_init_rom_rp2040.c.o)
                0x10006380                __aeabi_float_init
 .text.float_table_shim_on_use_helper
                0x100063dc       0x2c /home/zoobab/.arduino15/packages/rp2040/hardware/rp2040/5.6.0/lib/rp2040/libpico.a(float_v1_rom_shim_rp2040.S.o)
                0x100063dc                float_table_shim_on_use_helper
 .text.__aeabi_lmul
                0x10006408       0x32 /home/zoobab/.arduino15/packages/rp2040/hardware/rp2040/5.6.0/lib/rp2040/libpico.a(pico_int64_ops_aeabi.S.o)
                0x10006408                __wrap___aeabi_lmul
 *fill*         0x1000643a        0x2 
 .text          0x1000643c       0x10 /home/zoobab/.arduino15/packages/rp2040/hardware/rp2040/5.6.0/lib/rp2040/libpico.a(mem_ops_aeabi.S.o)
                0x1000643c                __aeabi_mem_init
 .text.memset   0x1000644c        0xc /home/zoobab/.arduino15/packages/rp2040/hardware/rp2040/5.6.0/lib/rp2040/libpico.a(mem_ops_aeabi.S.o)
                0x1000644c                __wrap_memset
 .text.memcpy   0x10006458        0xc /home/zoobab/.arduino15/packages/rp2040/hardware/rp2040/5.6.0/lib/rp2040/libpico.a(mem_ops_aeabi.S.o)
                0x10006458                __wrap___aeabi_memcpy
                0x10006458                __wrap_memcpy
 .text.multicore_fifo_pop_blocking_inline
                0x10006464       0x14 /home/zoobab/.arduino15/packages/rp2040/hardware/rp2040/5.6.0/lib/rp2040/libpico.a(multicore.c.o)
 .text.core1_trampoline
                0x10006478        0x2 /home/zoobab/.arduino15/packages/rp2040/hardware/rp2040/5.6.0/lib/rp2040/libpico.a(multicore.c.o)
 .text.core1_wrapper
                0x1000647a        0xc /home/zoobab/.arduino15/packages/rp2040/hardware/rp2040/5.6.0/lib/rp2040/libpico.a(multicore.c.o)
                0x1000647a                core1_wrapper
 .text.multicore_fifo_push_blocking_inline
                0x10006486       0x12 /home/zoobab/.arduino15/packages/rp2040/hardware/rp2040/5.6.0/lib/rp2040/libpico.a(multicore.c.o)
 .text.multicore_fifo_pop_blocking
                0x10006498        0x8 /home/zoobab/.arduino15/packages/rp2040/hardware/rp2040/5.6.0/lib/rp2040/libpico.a(multicore.c.o)
                0x10006498                multicore_fifo_pop_blocking
 .text.multicore_launch_core1_raw
                0x100064a0       0x6c /home/zoobab/.arduino15/packages/rp2040/hardware/rp2040/5.6.0/lib/rp2040/libpico.a(multicore.c.o)
                0x100064a0                multicore_launch_core1_raw
 .text.multicore_launch_core1_with_stack
                0x1000650c       0x34 /home/zoobab/.arduino15/packages/rp2040/hardware/rp2040/5.6.0/lib/rp2040/libpico.a(multicore.c.o)
                0x1000650c                multicore_launch_core1_with_stack
 .text.multicore_launch_core1
                0x10006540       0x20 /home/zoobab/.arduino15/packages/rp2040/hardware/rp2040/5.6.0/lib/rp2040/libpico.a(multicore.c.o)
                0x10006540                multicore_launch_core1
 .text.startup._retrieve_unique_id_on_boot
                0x10006560       0x10 /home/zoobab/.arduino15/packages/rp2040/hardware/rp2040/5.6.0/lib/rp2040/libpico.a(unique_id.c.o)
 .text.pico_get_unique_board_id_string
                0x10006570       0x3c /home/zoobab/.arduino15/packages/rp2040/hardware/rp2040/5.6.0/lib/rp2040/libpico.a(unique_id.c.o)
                0x10006570                pico_get_unique_board_id_string
 .text.first_per_core_initializer
                0x100065ac        0x2 /home/zoobab/.arduino15/packages/rp2040/hardware/rp2040/5.6.0/lib/rp2040/libpico.a(runtime.c.o)
 *fill*         0x100065ae        0x2 
 .text.hard_assertion_failure
                0x100065b0        0xc /home/zoobab/.arduino15/packages/rp2040/hardware/rp2040/5.6.0/lib/rp2040/libpico.a(runtime.c.o)
                0x100065b0                hard_assertion_failure
 .text.runtime_run_initializers
                0x100065bc       0x1c /home/zoobab/.arduino15/packages/rp2040/hardware/rp2040/5.6.0/lib/rp2040/libpico.a(runtime.c.o)
                0x100065bc                runtime_run_initializers
 .text.runtime_run_per_core_initializers
                0x100065d8       0x1c /home/zoobab/.arduino15/packages/rp2040/hardware/rp2040/5.6.0/lib/rp2040/libpico.a(runtime.c.o)
                0x100065d8                runtime_run_per_core_initializers
 .text.runtime_init_early_resets
                0x100065f4       0x2c /home/zoobab/.arduino15/packages/rp2040/hardware/rp2040/5.6.0/lib/rp2040/libpico.a(runtime_init.c.o)
                0x100065f4                runtime_init_early_resets
 .text.runtime_init_usb_power_down
                0x10006620       0x1c /home/zoobab/.arduino15/packages/rp2040/hardware/rp2040/5.6.0/lib/rp2040/libpico.a(runtime_init.c.o)
                0x10006620                runtime_init_usb_power_down
 .text.runtime_init_post_clock_resets
                0x1000663c       0x20 /home/zoobab/.arduino15/packages/rp2040/hardware/rp2040/5.6.0/lib/rp2040/libpico.a(runtime_init.c.o)
                0x1000663c                runtime_init_post_clock_resets
 .text.runtime_init_rp2040_gpio_ie_disable
                0x1000665c       0x14 /home/zoobab/.arduino15/packages/rp2040/hardware/rp2040/5.6.0/lib/rp2040/libpico.a(runtime_init.c.o)
                0x1000665c                runtime_init_rp2040_gpio_ie_disable
 .text.runtime_init_spin_locks_reset
                0x10006670        0x8 /home/zoobab/.arduino15/packages/rp2040/hardware/rp2040/5.6.0/lib/rp2040/libpico.a(runtime_init.c.o)
                0x10006670                runtime_init_spin_locks_reset
 .text.runtime_init_install_ram_vector_table
                0x10006678       0x44 /home/zoobab/.arduino15/packages/rp2040/hardware/rp2040/5.6.0/lib/rp2040/libpico.a(runtime_init.c.o)
                0x10006678                runtime_init_install_ram_vector_table
 .text.runtime_init_clocks
                0x100066bc       0xd4 /home/zoobab/.arduino15/packages/rp2040/hardware/rp2040/5.6.0/lib/rp2040/libpico.a(runtime_init_clocks.c.o)
                0x100066bc                runtime_init_clocks
 .text.tud_vendor_control_xfer_cb
                0x10006790        0x4 /home/zoobab/.arduino15/packages/rp2040/hardware/rp2040/5.6.0/lib/rp2040/libpico.a(usbd.c.o)
                0x10006790                tud_vendor_control_xfer_cb
 .text.invoke_class_control
                0x10006794       0x1a /home/zoobab/.arduino15/packages/rp2040/hardware/rp2040/5.6.0/lib/rp2040/libpico.a(usbd.c.o)
 *fill*         0x100067ae        0x2 
 .text.configuration_reset
                0x100067b0       0x70 /home/zoobab/.arduino15/packages/rp2040/hardware/rp2040/5.6.0/lib/rp2040/libpico.a(usbd.c.o)
 .text.tud_event_hook_cb
                0x10006820        0x2 /home/zoobab/.arduino15/packages/rp2040/hardware/rp2040/5.6.0/lib/rp2040/libpico.a(usbd.c.o)
                0x10006820                tud_event_hook_cb
 .text.tud_sof_cb
                0x10006822        0x2 /home/zoobab/.arduino15/packages/rp2040/hardware/rp2040/5.6.0/lib/rp2040/libpico.a(usbd.c.o)
                0x10006822                tud_sof_cb
 .text.tud_descriptor_bos_cb
                0x10006824        0x4 /home/zoobab/.arduino15/packages/rp2040/hardware/rp2040/5.6.0/lib/rp2040/libpico.a(usbd.c.o)
                0x10006824                tud_descriptor_bos_cb
 .text.tud_descriptor_device_qualifier_cb
                0x10006828        0x4 /home/zoobab/.arduino15/packages/rp2040/hardware/rp2040/5.6.0/lib/rp2040/libpico.a(usbd.c.o)
                0x10006828                tud_descriptor_device_qualifier_cb
 .text.tud_descriptor_other_speed_configuration_cb
                0x1000682c        0x4 /home/zoobab/.arduino15/packages/rp2040/hardware/rp2040/5.6.0/lib/rp2040/libpico.a(usbd.c.o)
                0x1000682c                tud_descriptor_other_speed_configuration_cb
 .text.tud_mount_cb
                0x10006830        0x2 /home/zoobab/.arduino15/packages/rp2040/hardware/rp2040/5.6.0/lib/rp2040/libpico.a(usbd.c.o)
                0x10006830                tud_mount_cb
 .text.tud_umount_cb
                0x10006832        0x2 /home/zoobab/.arduino15/packages/rp2040/hardware/rp2040/5.6.0/lib/rp2040/libpico.a(usbd.c.o)
                0x10006832                tud_umount_cb
 .text.tud_suspend_cb
                0x10006834        0x2 /home/zoobab/.arduino15/packages/rp2040/hardware/rp2040/5.6.0/lib/rp2040/libpico.a(usbd.c.o)
                0x10006834                tud_suspend_cb
 .text.tud_resume_cb
                0x10006836        0x2 /home/zoobab/.arduino15/packages/rp2040/hardware/rp2040/5.6.0/lib/rp2040/libpico.a(usbd.c.o)
                0x10006836                tud_resume_cb
 .text.tud_connected
                0x10006838       0x10 /home/zoobab/.arduino15/packages/rp2040/hardware/rp2040/5.6.0/lib/rp2040/libpico.a(usbd.c.o)
                0x10006838                tud_connected
 .text.tud_mounted
                0x10006848       0x10 /home/zoobab/.arduino15/packages/rp2040/hardware/rp2040/5.6.0/lib/rp2040/libpico.a(usbd.c.o)
                0x10006848                tud_mounted
 .text.tud_suspended
                0x10006858       0x10 /home/zoobab/.arduino15/packages/rp2040/hardware/rp2040/5.6.0/lib/rp2040/libpico.a(usbd.c.o)
                0x10006858                tud_suspended
 .text.tud_disconnect
                0x10006868       0x14 /home/zoobab/.arduino15/packages/rp2040/hardware/rp2040/5.6.0/lib/rp2040/libpico.a(usbd.c.o)
                0x10006868                tud_disconnect
 .text.tud_connect
                0x1000687c       0x14 /home/zoobab/.arduino15/packages/rp2040/hardware/rp2040/5.6.0/lib/rp2040/libpico.a(usbd.c.o)
                0x1000687c                tud_connect
 .text.tud_inited
                0x10006890       0x14 /home/zoobab/.arduino15/packages/rp2040/hardware/rp2040/5.6.0/lib/rp2040/libpico.a(usbd.c.o)
                0x10006890                tud_inited
 .text.tud_rhport_init
                0x100068a4       0xd4 /home/zoobab/.arduino15/packages/rp2040/hardware/rp2040/5.6.0/lib/rp2040/libpico.a(usbd.c.o)
                0x100068a4                tud_rhport_init
 .text.usbd_edpt_open
                0x10006978       0x34 /home/zoobab/.arduino15/packages/rp2040/hardware/rp2040/5.6.0/lib/rp2040/libpico.a(usbd.c.o)
                0x10006978                usbd_edpt_open
 .text.usbd_open_edpt_pair
                0x100069ac       0x4c /home/zoobab/.arduino15/packages/rp2040/hardware/rp2040/5.6.0/lib/rp2040/libpico.a(usbd.c.o)
                0x100069ac                usbd_open_edpt_pair
 .text.usbd_edpt_claim
                0x100069f8       0x24 /home/zoobab/.arduino15/packages/rp2040/hardware/rp2040/5.6.0/lib/rp2040/libpico.a(usbd.c.o)
                0x100069f8                usbd_edpt_claim
 .text.usbd_edpt_release
                0x10006a1c       0x24 /home/zoobab/.arduino15/packages/rp2040/hardware/rp2040/5.6.0/lib/rp2040/libpico.a(usbd.c.o)
                0x10006a1c                usbd_edpt_release
 .text.usbd_edpt_xfer
                0x10006a40       0x48 /home/zoobab/.arduino15/packages/rp2040/hardware/rp2040/5.6.0/lib/rp2040/libpico.a(usbd.c.o)
                0x10006a40                usbd_edpt_xfer
 .text.usbd_edpt_stall
                0x10006a88       0x38 /home/zoobab/.arduino15/packages/rp2040/hardware/rp2040/5.6.0/lib/rp2040/libpico.a(usbd.c.o)
                0x10006a88                usbd_edpt_stall
 .text.usbd_edpt_clear_stall
                0x10006ac0       0x38 /home/zoobab/.arduino15/packages/rp2040/hardware/rp2040/5.6.0/lib/rp2040/libpico.a(usbd.c.o)
                0x10006ac0                usbd_edpt_clear_stall
 .text.usbd_edpt_stalled
                0x10006af8       0x1c /home/zoobab/.arduino15/packages/rp2040/hardware/rp2040/5.6.0/lib/rp2040/libpico.a(usbd.c.o)
                0x10006af8                usbd_edpt_stalled
 .text.tud_task_ext
                0x10006b14      0x5bc /home/zoobab/.arduino15/packages/rp2040/hardware/rp2040/5.6.0/lib/rp2040/libpico.a(usbd.c.o)
                0x10006b14                tud_task_ext
 .text.data_stage_xact
                0x100070d0       0x58 /home/zoobab/.arduino15/packages/rp2040/hardware/rp2040/5.6.0/lib/rp2040/libpico.a(usbd_control.c.o)
 .text.status_stage_xact.isra.0
                0x10007128       0x12 /home/zoobab/.arduino15/packages/rp2040/hardware/rp2040/5.6.0/lib/rp2040/libpico.a(usbd_control.c.o)
 *fill*         0x1000713a        0x2 
 .text.tud_control_status
                0x1000713c       0x24 /home/zoobab/.arduino15/packages/rp2040/hardware/rp2040/5.6.0/lib/rp2040/libpico.a(usbd_control.c.o)
                0x1000713c                tud_control_status
 .text.tud_control_xfer
                0x10007160       0x50 /home/zoobab/.arduino15/packages/rp2040/hardware/rp2040/5.6.0/lib/rp2040/libpico.a(usbd_control.c.o)
                0x10007160                tud_control_xfer
 .text.usbd_control_reset
                0x100071b0       0x14 /home/zoobab/.arduino15/packages/rp2040/hardware/rp2040/5.6.0/lib/rp2040/libpico.a(usbd_control.c.o)
                0x100071b0                usbd_control_reset
 .text.usbd_control_set_complete_callback
                0x100071c4        0xc /home/zoobab/.arduino15/packages/rp2040/hardware/rp2040/5.6.0/lib/rp2040/libpico.a(usbd_control.c.o)
                0x100071c4                usbd_control_set_complete_callback
 .text.usbd_control_set_request
                0x100071d0       0x1c /home/zoobab/.arduino15/packages/rp2040/hardware/rp2040/5.6.0/lib/rp2040/libpico.a(usbd_control.c.o)
                0x100071d0                usbd_control_set_request
 .text.usbd_control_xfer_cb
                0x100071ec       0x98 /home/zoobab/.arduino15/packages/rp2040/hardware/rp2040/5.6.0/lib/rp2040/libpico.a(usbd_control.c.o)
                0x100071ec                usbd_control_xfer_cb
 .text._prep_out_transaction.isra.0
                0x10007284       0x6c /home/zoobab/.arduino15/packages/rp2040/hardware/rp2040/5.6.0/lib/rp2040/libpico.a(cdc_device.c.o)
 .text.tud_cdc_n_connected
                0x100072f0       0x30 /home/zoobab/.arduino15/packages/rp2040/hardware/rp2040/5.6.0/lib/rp2040/libpico.a(cdc_device.c.o)
                0x100072f0                tud_cdc_n_connected
 .text.tud_cdc_n_available
                0x10007320       0x18 /home/zoobab/.arduino15/packages/rp2040/hardware/rp2040/5.6.0/lib/rp2040/libpico.a(cdc_device.c.o)
                0x10007320                tud_cdc_n_available
 .text.tud_cdc_n_read
                0x10007338       0x34 /home/zoobab/.arduino15/packages/rp2040/hardware/rp2040/5.6.0/lib/rp2040/libpico.a(cdc_device.c.o)
                0x10007338                tud_cdc_n_read
 .text.tud_cdc_n_peek
                0x1000736c       0x18 /home/zoobab/.arduino15/packages/rp2040/hardware/rp2040/5.6.0/lib/rp2040/libpico.a(cdc_device.c.o)
                0x1000736c                tud_cdc_n_peek
 .text.tud_cdc_n_write_flush
                0x10007384       0x78 /home/zoobab/.arduino15/packages/rp2040/hardware/rp2040/5.6.0/lib/rp2040/libpico.a(cdc_device.c.o)
                0x10007384                tud_cdc_n_write_flush
 .text.tud_cdc_n_write
                0x100073fc       0x40 /home/zoobab/.arduino15/packages/rp2040/hardware/rp2040/5.6.0/lib/rp2040/libpico.a(cdc_device.c.o)
                0x100073fc                tud_cdc_n_write
 .text.tud_cdc_n_write_available
                0x1000743c       0x18 /home/zoobab/.arduino15/packages/rp2040/hardware/rp2040/5.6.0/lib/rp2040/libpico.a(cdc_device.c.o)
                0x1000743c                tud_cdc_n_write_available
 .text.cdcd_init
                0x10007454       0x80 /home/zoobab/.arduino15/packages/rp2040/hardware/rp2040/5.6.0/lib/rp2040/libpico.a(cdc_device.c.o)
                0x10007454                cdcd_init
 .text.cdcd_deinit
                0x100074d4       0x2c /home/zoobab/.arduino15/packages/rp2040/hardware/rp2040/5.6.0/lib/rp2040/libpico.a(cdc_device.c.o)
                0x100074d4                cdcd_deinit
 .text.cdcd_reset
                0x10007500       0x44 /home/zoobab/.arduino15/packages/rp2040/hardware/rp2040/5.6.0/lib/rp2040/libpico.a(cdc_device.c.o)
                0x10007500                cdcd_reset
 .text.cdcd_open
                0x10007544       0x9c /home/zoobab/.arduino15/packages/rp2040/hardware/rp2040/5.6.0/lib/rp2040/libpico.a(cdc_device.c.o)
                0x10007544                cdcd_open
 .text.cdcd_control_xfer_cb
                0x100075e0       0xd8 /home/zoobab/.arduino15/packages/rp2040/hardware/rp2040/5.6.0/lib/rp2040/libpico.a(cdc_device.c.o)
                0x100075e0                cdcd_control_xfer_cb
 .text.cdcd_xfer_cb
                0x100076b8       0xec /home/zoobab/.arduino15/packages/rp2040/hardware/rp2040/5.6.0/lib/rp2040/libpico.a(cdc_device.c.o)
                0x100076b8                cdcd_xfer_cb
 .text.tusb_rhport_init
                0x100077a4       0x48 /home/zoobab/.arduino15/packages/rp2040/hardware/rp2040/5.6.0/lib/rp2040/libpico.a(tusb.c.o)
                0x100077a4                tusb_rhport_init
 .text.tusb_inited
                0x100077ec        0x8 /home/zoobab/.arduino15/packages/rp2040/hardware/rp2040/5.6.0/lib/rp2040/libpico.a(tusb.c.o)
                0x100077ec                tusb_inited
 .text.tu_edpt_claim
                0x100077f4       0x50 /home/zoobab/.arduino15/packages/rp2040/hardware/rp2040/5.6.0/lib/rp2040/libpico.a(tusb.c.o)
                0x100077f4                tu_edpt_claim
 .text.tu_edpt_release
                0x10007844       0x36 /home/zoobab/.arduino15/packages/rp2040/hardware/rp2040/5.6.0/lib/rp2040/libpico.a(tusb.c.o)
                0x10007844                tu_edpt_release
 *fill*         0x1000787a        0x2 
 .text.tu_edpt_validate
                0x1000787c       0x60 /home/zoobab/.arduino15/packages/rp2040/hardware/rp2040/5.6.0/lib/rp2040/libpico.a(tusb.c.o)
                0x1000787c                tu_edpt_validate
 .text.tu_edpt_bind_driver
                0x100078dc       0x26 /home/zoobab/.arduino15/packages/rp2040/hardware/rp2040/5.6.0/lib/rp2040/libpico.a(tusb.c.o)
                0x100078dc                tu_edpt_bind_driver
 .text.advance_index
                0x10007902       0x16 /home/zoobab/.arduino15/packages/rp2040/hardware/rp2040/5.6.0/lib/rp2040/libpico.a(tusb_fifo.c.o)
 .text._tu_fifo_peek
                0x10007918       0x4c /home/zoobab/.arduino15/packages/rp2040/hardware/rp2040/5.6.0/lib/rp2040/libpico.a(tusb_fifo.c.o)
 .text._tu_fifo_peek_n.constprop.0
                0x10007964       0x96 /home/zoobab/.arduino15/packages/rp2040/hardware/rp2040/5.6.0/lib/rp2040/libpico.a(tusb_fifo.c.o)
 .text.tu_fifo_config
                0x100079fa       0x64 /home/zoobab/.arduino15/packages/rp2040/hardware/rp2040/5.6.0/lib/rp2040/libpico.a(tusb_fifo.c.o)
                0x100079fa                tu_fifo_config
 .text.tu_fifo_count
                0x10007a5e       0x28 /home/zoobab/.arduino15/packages/rp2040/hardware/rp2040/5.6.0/lib/rp2040/libpico.a(tusb_fifo.c.o)
                0x10007a5e                tu_fifo_count
 .text.tu_fifo_empty
                0x10007a86        0xe /home/zoobab/.arduino15/packages/rp2040/hardware/rp2040/5.6.0/lib/rp2040/libpico.a(tusb_fifo.c.o)
                0x10007a86                tu_fifo_empty
 .text.tu_fifo_full
                0x10007a94       0x26 /home/zoobab/.arduino15/packages/rp2040/hardware/rp2040/5.6.0/lib/rp2040/libpico.a(tusb_fifo.c.o)
                0x10007a94                tu_fifo_full
 .text.tu_fifo_remaining
                0x10007aba       0x28 /home/zoobab/.arduino15/packages/rp2040/hardware/rp2040/5.6.0/lib/rp2040/libpico.a(tusb_fifo.c.o)
                0x10007aba                tu_fifo_remaining
 .text.tu_fifo_read
                0x10007ae2       0x42 /home/zoobab/.arduino15/packages/rp2040/hardware/rp2040/5.6.0/lib/rp2040/libpico.a(tusb_fifo.c.o)
                0x10007ae2                tu_fifo_read
 .text.tu_fifo_read_n
                0x10007b24       0x46 /home/zoobab/.arduino15/packages/rp2040/hardware/rp2040/5.6.0/lib/rp2040/libpico.a(tusb_fifo.c.o)
                0x10007b24                tu_fifo_read_n
 .text.tu_fifo_peek
                0x10007b6a       0x34 /home/zoobab/.arduino15/packages/rp2040/hardware/rp2040/5.6.0/lib/rp2040/libpico.a(tusb_fifo.c.o)
                0x10007b6a                tu_fifo_peek
 .text.tu_fifo_write
                0x10007b9e       0x64 /home/zoobab/.arduino15/packages/rp2040/hardware/rp2040/5.6.0/lib/rp2040/libpico.a(tusb_fifo.c.o)
                0x10007b9e                tu_fifo_write
 .text.tu_fifo_write_n
                0x10007c02      0x110 /home/zoobab/.arduino15/packages/rp2040/hardware/rp2040/5.6.0/lib/rp2040/libpico.a(tusb_fifo.c.o)
                0x10007c02                tu_fifo_write_n
 .text.tu_fifo_clear
                0x10007d12       0x3e /home/zoobab/.arduino15/packages/rp2040/hardware/rp2040/5.6.0/lib/rp2040/libpico.a(tusb_fifo.c.o)
                0x10007d12                tu_fifo_clear
 .text.tu_fifo_set_overwritable
                0x10007d50       0x46 /home/zoobab/.arduino15/packages/rp2040/hardware/rp2040/5.6.0/lib/rp2040/libpico.a(tusb_fifo.c.o)
                0x10007d50                tu_fifo_set_overwritable
 *fill*         0x10007d96        0x2 
 .text.hw_claim_lock
                0x10007d98       0x18 /home/zoobab/.arduino15/packages/rp2040/hardware/rp2040/5.6.0/lib/rp2040/libpico.a(claim.c.o)
                0x10007d98                hw_claim_lock
 .text.hw_claim_unlock
                0x10007db0       0x14 /home/zoobab/.arduino15/packages/rp2040/hardware/rp2040/5.6.0/lib/rp2040/libpico.a(claim.c.o)
                0x10007db0                hw_claim_unlock
 .text.hw_is_claimed
                0x10007dc4       0x16 /home/zoobab/.arduino15/packages/rp2040/hardware/rp2040/5.6.0/lib/rp2040/libpico.a(claim.c.o)
                0x10007dc4                hw_is_claimed
 .text.hw_claim_or_assert
                0x10007dda       0x3a /home/zoobab/.arduino15/packages/rp2040/hardware/rp2040/5.6.0/lib/rp2040/libpico.a(claim.c.o)
                0x10007dda                hw_claim_or_assert
 .text.hw_claim_unused_from_range
                0x10007e14       0x52 /home/zoobab/.arduino15/packages/rp2040/hardware/rp2040/5.6.0/lib/rp2040/libpico.a(claim.c.o)
                0x10007e14                hw_claim_unused_from_range
 *fill*         0x10007e66        0x2 
 .text.spin_locks_reset
                0x10007e68       0x1c /home/zoobab/.arduino15/packages/rp2040/hardware/rp2040/5.6.0/lib/rp2040/libpico.a(sync_spin_lock.c.o)
                0x10007e68                spin_locks_reset
 .text.lock_init
                0x10007e84       0x10 /home/zoobab/.arduino15/packages/rp2040/hardware/rp2040/5.6.0/lib/rp2040/libpico.a(lock_core.c.o)
                0x10007e84                lock_init
 .text.critical_section_init_with_lock_num
                0x10007e94       0x14 /home/zoobab/.arduino15/packages/rp2040/hardware/rp2040/5.6.0/lib/rp2040/libpico.a(critical_section.c.o)
                0x10007e94                critical_section_init_with_lock_num
 .text.critical_section_init
                0x10007ea8       0x14 /home/zoobab/.arduino15/packages/rp2040/hardware/rp2040/5.6.0/lib/rp2040/libpico.a(critical_section.c.o)
                0x10007ea8                critical_section_init
 .text.tick_start
                0x10007ebc       0x10 /home/zoobab/.arduino15/packages/rp2040/hardware/rp2040/5.6.0/lib/rp2040/libpico.a(ticks.c.o)
                0x10007ebc                tick_start
 .text.xosc_init
                0x10007ecc       0x28 /home/zoobab/.arduino15/packages/rp2040/hardware/rp2040/5.6.0/lib/rp2040/libpico.a(xosc.c.o)
                0x10007ecc                xosc_init
 .text.flash_get_unique_id
                0x10007ef4       0x3a /home/zoobab/.arduino15/packages/rp2040/hardware/rp2040/5.6.0/lib/rp2040/libpico.a(flash.c.o)
                0x10007ef4                flash_get_unique_id
 *fill*         0x10007f2e        0x2 
 .text.hw_endpoint_init
                0x10007f30       0x8c /home/zoobab/.arduino15/packages/rp2040/hardware/rp2040/5.6.0/lib/rp2040/libpico.a(dcd_rp2040.c.o)
 .text.hw_endpoint_alloc.isra.0
                0x10007fbc       0x30 /home/zoobab/.arduino15/packages/rp2040/hardware/rp2040/5.6.0/lib/rp2040/libpico.a(dcd_rp2040.c.o)
 .text.dcd_init
                0x10007fec       0x68 /home/zoobab/.arduino15/packages/rp2040/hardware/rp2040/5.6.0/lib/rp2040/libpico.a(dcd_rp2040.c.o)
                0x10007fec                dcd_init
 .text.dcd_int_enable
                0x10008054        0xc /home/zoobab/.arduino15/packages/rp2040/hardware/rp2040/5.6.0/lib/rp2040/libpico.a(dcd_rp2040.c.o)
                0x10008054                dcd_int_enable
 .text.dcd_set_address
                0x10008060       0x14 /home/zoobab/.arduino15/packages/rp2040/hardware/rp2040/5.6.0/lib/rp2040/libpico.a(dcd_rp2040.c.o)
                0x10008060                dcd_set_address
 .text.dcd_disconnect
                0x10008074       0x10 /home/zoobab/.arduino15/packages/rp2040/hardware/rp2040/5.6.0/lib/rp2040/libpico.a(dcd_rp2040.c.o)
                0x10008074                dcd_disconnect
 .text.dcd_connect
                0x10008084       0x10 /home/zoobab/.arduino15/packages/rp2040/hardware/rp2040/5.6.0/lib/rp2040/libpico.a(dcd_rp2040.c.o)
                0x10008084                dcd_connect
 .text.dcd_sof_enable
                0x10008094       0x1c /home/zoobab/.arduino15/packages/rp2040/hardware/rp2040/5.6.0/lib/rp2040/libpico.a(dcd_rp2040.c.o)
                0x10008094                dcd_sof_enable
 .text.dcd_edpt0_status_complete
                0x100080b0       0x18 /home/zoobab/.arduino15/packages/rp2040/hardware/rp2040/5.6.0/lib/rp2040/libpico.a(dcd_rp2040.c.o)
                0x100080b0                dcd_edpt0_status_complete
 .text.dcd_edpt_open
                0x100080c8       0x60 /home/zoobab/.arduino15/packages/rp2040/hardware/rp2040/5.6.0/lib/rp2040/libpico.a(dcd_rp2040.c.o)
                0x100080c8                dcd_edpt_open
 .text.dcd_edpt_close_all
                0x10008128        0x8 /home/zoobab/.arduino15/packages/rp2040/hardware/rp2040/5.6.0/lib/rp2040/libpico.a(dcd_rp2040.c.o)
                0x10008128                dcd_edpt_close_all
 .text.dcd_edpt_xfer
                0x10008130       0x24 /home/zoobab/.arduino15/packages/rp2040/hardware/rp2040/5.6.0/lib/rp2040/libpico.a(dcd_rp2040.c.o)
                0x10008130                dcd_edpt_xfer
 .text.dcd_edpt_stall
                0x10008154       0x38 /home/zoobab/.arduino15/packages/rp2040/hardware/rp2040/5.6.0/lib/rp2040/libpico.a(dcd_rp2040.c.o)
                0x10008154                dcd_edpt_stall
 .text.dcd_edpt_clear_stall
                0x1000818c       0x2c /home/zoobab/.arduino15/packages/rp2040/hardware/rp2040/5.6.0/lib/rp2040/libpico.a(dcd_rp2040.c.o)
                0x1000818c                dcd_edpt_clear_stall
 .text.rp2040_usb_init
                0x100081b8       0x40 /home/zoobab/.arduino15/packages/rp2040/hardware/rp2040/5.6.0/lib/rp2040/libpico.a(rp2040_usb.c.o)
                0x100081b8                rp2040_usb_init
 .text.hw_endpoint_xfer_start
                0x100081f8       0x3c /home/zoobab/.arduino15/packages/rp2040/hardware/rp2040/5.6.0/lib/rp2040/libpico.a(rp2040_usb.c.o)
                0x100081f8                hw_endpoint_xfer_start
 .text.hw_enumeration_fix_finish
                0x10008234       0x40 /home/zoobab/.arduino15/packages/rp2040/hardware/rp2040/5.6.0/lib/rp2040/libpico.a(rp2040_usb_device_enumeration.c.o)
 .text.hw_enumeration_fix_force_ls_j_done
                0x10008274        0xc /home/zoobab/.arduino15/packages/rp2040/hardware/rp2040/5.6.0/lib/rp2040/libpico.a(rp2040_usb_device_enumeration.c.o)
                0x10008274                hw_enumeration_fix_force_ls_j_done
 .text.hw_enumeration_fix_force_ls_j
                0x10008280       0xdc /home/zoobab/.arduino15/packages/rp2040/hardware/rp2040/5.6.0/lib/rp2040/libpico.a(rp2040_usb_device_enumeration.c.o)
 .text.hw_enumeration_fix_wait_se0_callback
                0x1000835c       0x20 /home/zoobab/.arduino15/packages/rp2040/hardware/rp2040/5.6.0/lib/rp2040/libpico.a(rp2040_usb_device_enumeration.c.o)
                0x1000835c                hw_enumeration_fix_wait_se0_callback
 .text.rp2040_usb_device_enumeration_fix
                0x1000837c       0x5c /home/zoobab/.arduino15/packages/rp2040/hardware/rp2040/5.6.0/lib/rp2040/libpico.a(rp2040_usb_device_enumeration.c.o)
                0x1000837c                rp2040_usb_device_enumeration_fix
 .text.rp2040_chip_version
                0x100083d8        0xa /home/zoobab/.arduino15/packages/rp2040/hardware/rp2040/5.6.0/lib/rp2040/libpico.a(platform.c.o)
                0x100083d8                rp2040_chip_version
 *fill*         0x100083e2        0x2 
 .text          0x100083e4       0x5c /home/zoobab/.arduino15/packages/rp2040/tools/pqt-gcc/4.1.0-1aec55e/bin/../lib/gcc/arm-none-eabi/14.3.0/../../../../arm-none-eabi/lib/thumb/libc.a(libc_a-strncpy.o)
                0x100083e4                strncpy
 .text          0x10008440       0xdc /home/zoobab/.arduino15/packages/rp2040/tools/pqt-gcc/4.1.0-1aec55e/bin/../lib/gcc/arm-none-eabi/14.3.0/../../../../arm-none-eabi/lib/thumb/libc.a(libc_a-puts.o)
                0x10008440                _puts_r
                0x1000850c                puts
 .text          0x1000851c       0x28 /home/zoobab/.arduino15/packages/rp2040/tools/pqt-gcc/4.1.0-1aec55e/bin/../lib/gcc/arm-none-eabi/14.3.0/../../../../arm-none-eabi/lib/thumb/libc.a(libc_a-vprintf.o)
                0x1000851c                vprintf
                0x10008534                _vprintf_r
 .text          0x10008544       0x44 /home/zoobab/.arduino15/packages/rp2040/tools/pqt-gcc/4.1.0-1aec55e/bin/../lib/gcc/arm-none-eabi/14.3.0/../../../../arm-none-eabi/lib/thumb/libc.a(libc_a-mbtowc_r.o)
                0x10008544                _mbtowc_r
                0x1000855c                __ascii_mbtowc
 .text          0x10008588       0x5c /home/zoobab/.arduino15/packages/rp2040/tools/pqt-gcc/4.1.0-1aec55e/bin/../lib/gcc/arm-none-eabi/14.3.0/../../../../arm-none-eabi/lib/thumb/libc.a(libc_a-strlen-stub.o)
                0x10008588                strlen
 .text          0x100085e4       0xc4 /home/zoobab/.arduino15/packages/rp2040/tools/pqt-gcc/4.1.0-1aec55e/bin/../lib/gcc/arm-none-eabi/14.3.0/../../../../arm-none-eabi/lib/thumb/libc.a(libc_a-memmove.o)
                0x100085e4                memmove
 .text          0x100086a8      0x30c /home/zoobab/.arduino15/packages/rp2040/tools/pqt-gcc/4.1.0-1aec55e/bin/../lib/gcc/arm-none-eabi/14.3.0/../../../../arm-none-eabi/lib/thumb/libc.a(libc_a-findfp.o)
                0x10008854                __sfp
                0x1000891c                __sinit
                0x10008954                __sfp_lock_acquire
                0x10008964                __sfp_lock_release
                0x10008974                __fp_lock_all
                0x10008994                __fp_unlock_all
 .text          0x100089b4       0x14 /home/zoobab/.arduino15/packages/rp2040/tools/pqt-gcc/4.1.0-1aec55e/bin/../lib/gcc/arm-none-eabi/14.3.0/../../../../arm-none-eabi/lib/thumb/libc.a(libc_a-calloc.o)
                0x100089b4                calloc
 .text          0x100089c8       0xe8 /home/zoobab/.arduino15/packages/rp2040/tools/pqt-gcc/4.1.0-1aec55e/bin/../lib/gcc/arm-none-eabi/14.3.0/../../../../arm-none-eabi/lib/thumb/libc.a(libc_a-fclose.o)
                0x100089c8                _fclose_r
                0x10008aa0                fclose
 .text          0x10008ab0       0xa4 /home/zoobab/.arduino15/packages/rp2040/tools/pqt-gcc/4.1.0-1aec55e/bin/../lib/gcc/arm-none-eabi/14.3.0/../../../../arm-none-eabi/lib/thumb/libc.a(libc_a-callocr.o)
                0x10008ab0                _calloc_r
 .text          0x10008b54       0x14 /home/zoobab/.arduino15/packages/rp2040/tools/pqt-gcc/4.1.0-1aec55e/bin/../lib/gcc/arm-none-eabi/14.3.0/../../../../arm-none-eabi/lib/thumb/libc.a(libc_a-realloc.o)
                0x10008b54                realloc
 .text          0x10008b68      0x5bc /home/zoobab/.arduino15/packages/rp2040/tools/pqt-gcc/4.1.0-1aec55e/bin/../lib/gcc/arm-none-eabi/14.3.0/../../../../arm-none-eabi/lib/thumb/libc.a(libc_a-mallocr.o)
                0x10008b68                _malloc_r
 .text          0x10009124      0x2a4 /home/zoobab/.arduino15/packages/rp2040/tools/pqt-gcc/4.1.0-1aec55e/bin/../lib/gcc/arm-none-eabi/14.3.0/../../../../arm-none-eabi/lib/thumb/libc.a(libc_a-freer.o)
                0x10009124                _malloc_trim_r
                0x100091d8                _free_r
 .text          0x100093c8       0x2c /home/zoobab/.arduino15/packages/rp2040/tools/pqt-gcc/4.1.0-1aec55e/bin/../lib/gcc/arm-none-eabi/14.3.0/../../../../arm-none-eabi/lib/thumb/libc.a(libc_a-wctomb_r.o)
                0x100093c8                _wctomb_r
                0x100093d8                __ascii_wctomb
 .text          0x100093f4        0x8 /home/zoobab/.arduino15/packages/rp2040/tools/pqt-gcc/4.1.0-1aec55e/bin/../lib/gcc/arm-none-eabi/14.3.0/../../../../arm-none-eabi/lib/thumb/libc.a(libc_a-errno.o)
                0x100093f4                __errno
 .text          0x100093fc       0x20 /home/zoobab/.arduino15/packages/rp2040/tools/pqt-gcc/4.1.0-1aec55e/bin/../lib/gcc/arm-none-eabi/14.3.0/../../../../arm-none-eabi/lib/thumb/libc.a(libc_a-malloc.o)
                0x100093fc                malloc
                0x1000940c                free
 .text          0x1000941c      0x350 /home/zoobab/.arduino15/packages/rp2040/tools/pqt-gcc/4.1.0-1aec55e/bin/../lib/gcc/arm-none-eabi/14.3.0/../../../../arm-none-eabi/lib/thumb/libc.a(libc_a-reallocr.o)
                0x1000941c                _realloc_r
 .text          0x1000976c       0x20 /home/zoobab/.arduino15/packages/rp2040/tools/pqt-gcc/4.1.0-1aec55e/bin/../lib/gcc/arm-none-eabi/14.3.0/../../../../arm-none-eabi/lib/thumb/libc.a(libc_a-mlock.o)
                0x1000976c                __malloc_lock
                0x1000977c                __malloc_unlock
 .text          0x1000978c       0x24 /home/zoobab/.arduino15/packages/rp2040/tools/pqt-gcc/4.1.0-1aec55e/bin/../lib/gcc/arm-none-eabi/14.3.0/../../../../arm-none-eabi/lib/thumb/libc.a(libc_a-sbrkr.o)
                0x1000978c                _sbrk_r
 .text          0x100097b0       0x88 /home/zoobab/.arduino15/packages/rp2040/tools/pqt-gcc/4.1.0-1aec55e/bin/../lib/gcc/arm-none-eabi/14.3.0/../../../../arm-none-eabi/lib/thumb/libc.a(libc_a-strcmp.o)
                0x100097b0                strcmp
 .text          0x10009838       0x20 /home/zoobab/.arduino15/packages/rp2040/tools/pqt-gcc/4.1.0-1aec55e/bin/../lib/gcc/arm-none-eabi/14.3.0/../../../../arm-none-eabi/lib/thumb/libc.a(libc_a-exit.o)
                0x10009838                exit
 .text          0x10009858      0x30c /home/zoobab/.arduino15/packages/rp2040/tools/pqt-gcc/4.1.0-1aec55e/bin/../lib/gcc/arm-none-eabi/14.3.0/../../../../arm-none-eabi/lib/thumb/libc.a(libc_a-fvwrite.o)
                0x10009858                __sfvwrite_r
 .text          0x10009b64       0xa4 /home/zoobab/.arduino15/packages/rp2040/tools/pqt-gcc/4.1.0-1aec55e/bin/../lib/gcc/arm-none-eabi/14.3.0/../../../../arm-none-eabi/lib/thumb/libc.a(libc_a-stdio.o)
                0x10009b64                __sread
                0x10009b8c                __seofread
                0x10009b90                __swrite
                0x10009bd0                __sseek
                0x10009bfc                __sclose
 .text          0x10009c08      0x1cc /home/zoobab/.arduino15/packages/rp2040/tools/pqt-gcc/4.1.0-1aec55e/bin/../lib/gcc/arm-none-eabi/14.3.0/../../../../arm-none-eabi/lib/thumb/libc.a(libc_a-fflush.o)
                0x10009c08                __sflush_r
                0x10009d48                _fflush_r
                0x10009da8                fflush
 .text          0x10009dd4       0x44 /home/zoobab/.arduino15/packages/rp2040/tools/pqt-gcc/4.1.0-1aec55e/bin/../lib/gcc/arm-none-eabi/14.3.0/../../../../arm-none-eabi/lib/thumb/libc.a(libc_a-fwalk.o)
                0x10009dd4                _fwalk_sglue
 .text          0x10009e18       0x4c /home/zoobab/.arduino15/packages/rp2040/tools/pqt-gcc/4.1.0-1aec55e/bin/../lib/gcc/arm-none-eabi/14.3.0/../../../../arm-none-eabi/lib/thumb/libc.a(libc_a-assert.o)
                0x10009e18                __assert_func
                0x10009e58                __assert
 .text          0x10009e64      0xbb0 /home/zoobab/.arduino15/packages/rp2040/tools/pqt-gcc/4.1.0-1aec55e/bin/../lib/gcc/arm-none-eabi/14.3.0/../../../../arm-none-eabi/lib/thumb/libc.a(libc_a-mprec.o)
                0x10009e64                _Balloc
                0x10009ee8                _Bfree
                0x10009f34                __multadd
                0x10009fd0                __s2b
                0x1000a080                __hi0bits
                0x1000a0e0                __lo0bits
                0x1000a170                __i2b
                0x1000a19c                __multiply
                0x1000a34c                __pow5mult
                0x1000a458                __lshift
                0x1000a54c                __mcmp
                0x1000a588                __mdiff
                0x1000a730                __ulp
                0x1000a770                __b2d
                0x1000a828                __d2b
                0x1000a8ec                __ratio
                0x1000a954                _mprec_log10
                0x1000a988                __copybits
                0x1000a9c8                __any_on
 .text          0x1000aa14     0x2364 /home/zoobab/.arduino15/packages/rp2040/tools/pqt-gcc/4.1.0-1aec55e/bin/../lib/gcc/arm-none-eabi/14.3.0/../../../../arm-none-eabi/lib/thumb/libc.a(libc_a-vfprintf.o)
                0x1000aa14                _vfprintf_r
                0x1000ccd0                vfprintf
 .text          0x1000cd78       0x1c /home/zoobab/.arduino15/packages/rp2040/tools/pqt-gcc/4.1.0-1aec55e/bin/../lib/gcc/arm-none-eabi/14.3.0/../../../../arm-none-eabi/lib/thumb/libc.a(libc_a-sysconf.o)
                0x1000cd78                sysconf
 .text          0x1000cd94       0x10 /home/zoobab/.arduino15/packages/rp2040/tools/pqt-gcc/4.1.0-1aec55e/bin/../lib/gcc/arm-none-eabi/14.3.0/../../../../arm-none-eabi/lib/thumb/libc.a(libc_a-abort.o)
                0x1000cd94                abort
 .text          0x1000cda4       0x40 /home/zoobab/.arduino15/packages/rp2040/tools/pqt-gcc/4.1.0-1aec55e/bin/../lib/gcc/arm-none-eabi/14.3.0/../../../../arm-none-eabi/lib/thumb/libc.a(libc_a-fiprintf.o)
                0x1000cda4                _fiprintf_r
                0x1000cdbc                fiprintf
 .text          0x1000cde4       0x7c /home/zoobab/.arduino15/packages/rp2040/tools/pqt-gcc/4.1.0-1aec55e/bin/../lib/gcc/arm-none-eabi/14.3.0/../../../../arm-none-eabi/lib/thumb/libc.a(libc_a-memchr-stub.o)
                0x1000cde4                memchr
 .text          0x1000ce60     0x12c4 /home/zoobab/.arduino15/packages/rp2040/tools/pqt-gcc/4.1.0-1aec55e/bin/../lib/gcc/arm-none-eabi/14.3.0/../../../../arm-none-eabi/lib/thumb/libc.a(libc_a-dtoa.o)
                0x1000cfb0                _dtoa_r
 .text          0x1000e124       0xf4 /home/zoobab/.arduino15/packages/rp2040/tools/pqt-gcc/4.1.0-1aec55e/bin/../lib/gcc/arm-none-eabi/14.3.0/../../../../arm-none-eabi/lib/thumb/libc.a(libc_a-wsetup.o)
                0x1000e124                __swsetup_r
 .text          0x1000e218      0x100 /home/zoobab/.arduino15/packages/rp2040/tools/pqt-gcc/4.1.0-1aec55e/bin/../lib/gcc/arm-none-eabi/14.3.0/../../../../arm-none-eabi/lib/thumb/libc.a(libc_a-__call_atexit.o)
                0x1000e218                __call_exitprocs
 .text          0x1000e318       0x28 /home/zoobab/.arduino15/packages/rp2040/tools/pqt-gcc/4.1.0-1aec55e/bin/../lib/gcc/arm-none-eabi/14.3.0/../../../../arm-none-eabi/lib/thumb/libc.a(libc_a-writer.o)
                0x1000e318                _write_r
 .text          0x1000e340       0x24 /home/zoobab/.arduino15/packages/rp2040/tools/pqt-gcc/4.1.0-1aec55e/bin/../lib/gcc/arm-none-eabi/14.3.0/../../../../arm-none-eabi/lib/thumb/libc.a(libc_a-closer.o)
                0x1000e340                _close_r
 .text          0x1000e364       0x28 /home/zoobab/.arduino15/packages/rp2040/tools/pqt-gcc/4.1.0-1aec55e/bin/../lib/gcc/arm-none-eabi/14.3.0/../../../../arm-none-eabi/lib/thumb/libc.a(libc_a-lseekr.o)
                0x1000e364                _lseek_r
 .text          0x1000e38c       0x28 /home/zoobab/.arduino15/packages/rp2040/tools/pqt-gcc/4.1.0-1aec55e/bin/../lib/gcc/arm-none-eabi/14.3.0/../../../../arm-none-eabi/lib/thumb/libc.a(libc_a-readr.o)
                0x1000e38c                _read_r
 .text          0x1000e3b4      0x12c /home/zoobab/.arduino15/packages/rp2040/tools/pqt-gcc/4.1.0-1aec55e/bin/../lib/gcc/arm-none-eabi/14.3.0/../../../../arm-none-eabi/lib/thumb/libc.a(libc_a-makebuf.o)
                0x1000e3b4                __smakebuf_r
                0x1000e488                __swhatbuf_r
 .text          0x1000e4e0      0x1c0 /home/zoobab/.arduino15/packages/rp2040/tools/pqt-gcc/4.1.0-1aec55e/bin/../lib/gcc/arm-none-eabi/14.3.0/../../../../arm-none-eabi/lib/thumb/libc.a(libc_a-signal.o)
                0x1000e4e0                _init_signal_r
                0x1000e510                _signal_r
                0x1000e554                _raise_r
                0x1000e5a8                __sigtramp_r
                0x1000e604                raise
                0x1000e614                signal
                0x1000e65c                _init_signal
                0x1000e690                __sigtramp
 .text          0x1000e6a0       0x68 /home/zoobab/.arduino15/packages/rp2040/tools/pqt-gcc/4.1.0-1aec55e/bin/../lib/gcc/arm-none-eabi/14.3.0/../../../../arm-none-eabi/lib/thumb/libc.a(libm_a-s_frexp.o)
                0x1000e6a0                frexp
 .text          0x1000e708       0x20 /home/zoobab/.arduino15/packages/rp2040/tools/pqt-gcc/4.1.0-1aec55e/bin/../lib/gcc/arm-none-eabi/14.3.0/../../../../arm-none-eabi/lib/thumb/libc.a(libc_a-sprint_r.o)
                0x1000e708                __sprint_r
 .text          0x1000e728       0x28 /home/zoobab/.arduino15/packages/rp2040/tools/pqt-gcc/4.1.0-1aec55e/bin/../lib/gcc/arm-none-eabi/14.3.0/../../../../arm-none-eabi/lib/thumb/libc.a(libc_a-fstatr.o)
                0x1000e728                _fstat_r
 .text          0x1000e750       0x14 /home/zoobab/.arduino15/packages/rp2040/tools/pqt-gcc/4.1.0-1aec55e/bin/../lib/gcc/arm-none-eabi/14.3.0/../../../../arm-none-eabi/lib/thumb/libc.a(libc_a-localeconv.o)
                0x1000e750                __localeconv_l
                0x1000e754                _localeconv_r
                0x1000e75c                localeconv
 .text          0x1000e764       0x24 /home/zoobab/.arduino15/packages/rp2040/tools/pqt-gcc/4.1.0-1aec55e/bin/../lib/gcc/arm-none-eabi/14.3.0/../../../../arm-none-eabi/lib/thumb/libc.a(libc_a-isattyr.o)
                0x1000e764                _isatty_r
 .text          0x1000e788     0x120c /home/zoobab/.arduino15/packages/rp2040/tools/pqt-gcc/4.1.0-1aec55e/bin/../lib/gcc/arm-none-eabi/14.3.0/../../../../arm-none-eabi/lib/thumb/libc.a(libc_a-vfiprintf.o)
                0x1000e788                _vfiprintf_r
                0x1000f8ec                vfiprintf
 .text          0x1000f994       0x30 /home/zoobab/.arduino15/packages/rp2040/tools/pqt-gcc/4.1.0-1aec55e/bin/../lib/gcc/arm-none-eabi/14.3.0/../../../../arm-none-eabi/lib/thumb/libc.a(libc_a-signalr.o)
                0x1000f994                _kill_r
                0x1000f9bc                _getpid_r
 .text.__retarget_lock_init_recursive
                0x1000f9c4        0x8 /home/zoobab/soft/zooswio/build/core/core.a(lock.cpp.o)
                0x1000f9c4                __retarget_lock_init_recursive
 .text.__retarget_lock_close_recursive
                0x1000f9cc        0x2 /home/zoobab/soft/zooswio/build/core/core.a(lock.cpp.o)
                0x1000f9cc                __retarget_lock_close_recursive
 .text.__retarget_lock_acquire_recursive
                0x1000f9ce        0x8 /home/zoobab/soft/zooswio/build/core/core.a(lock.cpp.o)
                0x1000f9ce                __retarget_lock_acquire_recursive
 .text.__retarget_lock_release_recursive
                0x1000f9d6        0x8 /home/zoobab/soft/zooswio/build/core/core.a(lock.cpp.o)
                0x1000f9d6                __retarget_lock_release_recursive
 .text._write   0x1000f9de        0x4 /home/zoobab/soft/zooswio/build/core/core.a(posix.cpp.o)
                0x1000f9de                _write
 *fill*         0x1000f9e2        0x2 
 .text._close   0x1000f9e4       0x10 /home/zoobab/soft/zooswio/build/core/core.a(posix.cpp.o)
                0x1000f9e4                _close
 .text._fstat   0x1000f9f4       0x10 /home/zoobab/soft/zooswio/build/core/core.a(posix.cpp.o)
                0x1000f9f4                _fstat
 .text._getpid  0x1000fa04       0x10 /home/zoobab/soft/zooswio/build/core/core.a(posix.cpp.o)
                0x1000fa04                _getpid
 .text._isatty  0x1000fa14       0x10 /home/zoobab/soft/zooswio/build/core/core.a(posix.cpp.o)
                0x1000fa14                _isatty
 .text._kill    0x1000fa24       0x10 /home/zoobab/soft/zooswio/build/core/core.a(posix.cpp.o)
                0x1000fa24                _kill
 .text._lseek   0x1000fa34       0x10 /home/zoobab/soft/zooswio/build/core/core.a(posix.cpp.o)
                0x1000fa34                _lseek
 .text._read    0x1000fa44        0x6 /home/zoobab/soft/zooswio/build/core/core.a(posix.cpp.o)
                0x1000fa44                _read
 .text.hidd_init
                0x1000fa4a        0x2 /home/zoobab/soft/zooswio/build/core/core.a(hid_device.c.o)
                0x1000fa4a                hidd_init
 .text.hidd_deinit
                0x1000fa4c        0x4 /home/zoobab/soft/zooswio/build/core/core.a(hid_device.c.o)
                0x1000fa4c                hidd_deinit
 .text.hidd_reset
                0x1000fa50        0x2 /home/zoobab/soft/zooswio/build/core/core.a(hid_device.c.o)
                0x1000fa50                hidd_reset
 .text.hidd_open
                0x1000fa52        0x4 /home/zoobab/soft/zooswio/build/core/core.a(hid_device.c.o)
                0x1000fa52                hidd_open
 .text.hidd_control_xfer_cb
                0x1000fa56        0x4 /home/zoobab/soft/zooswio/build/core/core.a(hid_device.c.o)
                0x1000fa56                hidd_control_xfer_cb
 .text.hidd_xfer_cb
                0x1000fa5a        0x4 /home/zoobab/soft/zooswio/build/core/core.a(hid_device.c.o)
                0x1000fa5a                hidd_xfer_cb
 .text.midid_init
                0x1000fa5e        0x2 /home/zoobab/soft/zooswio/build/core/core.a(midi_device.c.o)
                0x1000fa5e                midid_init
 .text.midid_deinit
                0x1000fa60        0x4 /home/zoobab/soft/zooswio/build/core/core.a(midi_device.c.o)
                0x1000fa60                midid_deinit
 .text.midid_reset
                0x1000fa64        0x2 /home/zoobab/soft/zooswio/build/core/core.a(midi_device.c.o)
                0x1000fa64                midid_reset
 .text.midid_open
                0x1000fa66        0x4 /home/zoobab/soft/zooswio/build/core/core.a(midi_device.c.o)
                0x1000fa66                midid_open
 .text.midid_control_xfer_cb
                0x1000fa6a        0x4 /home/zoobab/soft/zooswio/build/core/core.a(midi_device.c.o)
                0x1000fa6a                midid_control_xfer_cb
 .text.midid_xfer_cb
                0x1000fa6e        0x4 /home/zoobab/soft/zooswio/build/core/core.a(midi_device.c.o)
                0x1000fa6e                midid_xfer_cb
 .text.mscd_init
                0x1000fa72        0x2 /home/zoobab/soft/zooswio/build/core/core.a(msc_device.c.o)
                0x1000fa72                mscd_init
 .text.mscd_reset
                0x1000fa74        0x2 /home/zoobab/soft/zooswio/build/core/core.a(msc_device.c.o)
                0x1000fa74                mscd_reset
 .text.mscd_open
                0x1000fa76        0x4 /home/zoobab/soft/zooswio/build/core/core.a(msc_device.c.o)
                0x1000fa76                mscd_open
 .text.mscd_control_xfer_cb
                0x1000fa7a        0x4 /home/zoobab/soft/zooswio/build/core/core.a(msc_device.c.o)
                0x1000fa7a                mscd_control_xfer_cb
 .text.mscd_xfer_cb
                0x1000fa7e        0x4 /home/zoobab/soft/zooswio/build/core/core.a(msc_device.c.o)
                0x1000fa7e                mscd_xfer_cb
 .text.netd_init
                0x1000fa82        0x2 /home/zoobab/soft/zooswio/build/core/core.a(ncm_device.c.o)
                0x1000fa82                netd_init
 .text.netd_deinit
                0x1000fa84        0x4 /home/zoobab/soft/zooswio/build/core/core.a(ncm_device.c.o)
                0x1000fa84                netd_deinit
 .text.netd_reset
                0x1000fa88        0x2 /home/zoobab/soft/zooswio/build/core/core.a(ncm_device.c.o)
                0x1000fa88                netd_reset
 .text.netd_open
                0x1000fa8a        0x4 /home/zoobab/soft/zooswio/build/core/core.a(ncm_device.c.o)
                0x1000fa8a                netd_open
 .text.netd_control_xfer_cb
                0x1000fa8e        0x4 /home/zoobab/soft/zooswio/build/core/core.a(ncm_device.c.o)
                0x1000fa8e                netd_control_xfer_cb
 .text.netd_xfer_cb
                0x1000fa92        0x4 /home/zoobab/soft/zooswio/build/core/core.a(ncm_device.c.o)
                0x1000fa92                netd_xfer_cb
 .text._exit    0x1000fa96        0x4 /home/zoobab/soft/zooswio/build/core/core.a(newlib_interface.c.o)
                0x1000fa96                _exit
 *fill*         0x1000fa9a        0x2 
 .text._sbrk    0x1000fa9c       0x2c /home/zoobab/soft/zooswio/build/core/core.a(newlib_interface.c.o)
                0x1000fa9c                _sbrk
 .text.runtime_init
                0x1000fac8       0x28 /home/zoobab/soft/zooswio/build/core/core.a(newlib_interface.c.o)
                0x1000fac8                runtime_init
 *(.fini)
 .fini          0x1000faf0        0x4 /home/zoobab/.arduino15/packages/rp2040/tools/pqt-gcc/4.1.0-1aec55e/bin/../lib/gcc/arm-none-eabi/14.3.0/thumb/crti.o
                0x1000faf0                _fini
 *fill*         0x1000faf4        0x4 
 .fini.__stub   0x1000faf8      0x120 linker stubs
 *crtbegin.o(.ctors)
 *crtbegin?.o(.ctors)
 *(EXCLUDE_FILE(*crtend.o *crtend?.o) .ctors)
 *(SORT_BY_NAME(.ctors.*))
 *(.ctors)
 *crtbegin.o(.dtors)
 *crtbegin?.o(.dtors)
 *(EXCLUDE_FILE(*crtend.o *crtend?.o) .dtors)
 *(SORT_BY_NAME(.dtors.*))
 *(.dtors)
                0x1000fc18                        . = ALIGN (0x4)
                0x1000fc18                        PROVIDE (__preinit_array_start = .)
 *(SORT_BY_NAME(.preinit_array.*))
 .preinit_array.00100
                0x1000fc18        0x4 /home/zoobab/.arduino15/packages/rp2040/hardware/rp2040/5.6.0/lib/rp2040/libpico.a(runtime_init.c.o)
                0x1000fc18                __pre_init_runtime_init_early_resets
 .preinit_array.00101
                0x1000fc1c        0x4 /home/zoobab/.arduino15/packages/rp2040/hardware/rp2040/5.6.0/lib/rp2040/libpico.a(runtime_init.c.o)
                0x1000fc1c                __pre_init_runtime_init_usb_power_down
 .preinit_array.00275
                0x1000fc20        0x4 /home/zoobab/.arduino15/packages/rp2040/hardware/rp2040/5.6.0/lib/rp2040/libpico.a(bit_ops_aeabi.S.o)
 .preinit_array.00300
                0x1000fc24        0x4 /home/zoobab/.arduino15/packages/rp2040/hardware/rp2040/5.6.0/lib/rp2040/libpico.a(mem_ops_aeabi.S.o)
 .preinit_array.00350
                0x1000fc28        0x4 /home/zoobab/.arduino15/packages/rp2040/hardware/rp2040/5.6.0/lib/rp2040/libpico.a(double_aeabi_rp2040.S.o)
 .preinit_array.00350
                0x1000fc2c        0x4 /home/zoobab/.arduino15/packages/rp2040/hardware/rp2040/5.6.0/lib/rp2040/libpico.a(float_aeabi_rp2040.S.o)
 .preinit_array.00500
                0x1000fc30        0x4 /home/zoobab/.arduino15/packages/rp2040/hardware/rp2040/5.6.0/lib/rp2040/libpico.a(runtime_init.c.o)
                0x1000fc30                __pre_init_runtime_init_clocks
 .preinit_array.00600
                0x1000fc34        0x4 /home/zoobab/.arduino15/packages/rp2040/hardware/rp2040/5.6.0/lib/rp2040/libpico.a(runtime_init.c.o)
                0x1000fc34                __pre_init_runtime_init_post_clock_resets
 .preinit_array.00700
                0x1000fc38        0x4 /home/zoobab/.arduino15/packages/rp2040/hardware/rp2040/5.6.0/lib/rp2040/libpico.a(runtime_init.c.o)
                0x1000fc38                __pre_init_runtime_init_rp2040_gpio_ie_disable
 .preinit_array.01000
                0x1000fc3c        0x4 /home/zoobab/.arduino15/packages/rp2040/hardware/rp2040/5.6.0/lib/rp2040/libpico.a(runtime_init.c.o)
                0x1000fc3c                __pre_init_runtime_init_spin_locks_reset
 .preinit_array.01100
                0x1000fc40        0x4 /home/zoobab/.arduino15/packages/rp2040/hardware/rp2040/5.6.0/lib/rp2040/libpico.a(mutex.c.o)
                0x1000fc40                __pre_init_runtime_init_mutex
 .preinit_array.10080
                0x1000fc44        0x4 /home/zoobab/.arduino15/packages/rp2040/hardware/rp2040/5.6.0/lib/rp2040/libpico.a(runtime_init.c.o)
                0x1000fc44                __pre_init_runtime_init_install_ram_vector_table
 .preinit_array.11000