Archive member included to satisfy reference by file (symbol)

/home/zoobab/soft/zooswio/build/core/core.a(HardwareSerial.cpp.o)
                              (--whole-archive)
/home/zoobab/soft/zooswio/build/core/core.a(Print.cpp.o)
                              (--whole-archive)
/home/zoobab/soft/zooswio/build/core/core.a(Stream.cpp.o)
                              (--whole-archive)
/home/zoobab/soft/zooswio/build/core/core.a(WInterrupts.cpp.o)
                              (--whole-archive)
/home/zoobab/soft/zooswio/build/core/core.a(WMath.cpp.o)
                              (--whole-archive)
/home/zoobab/soft/zooswio/build/core/core.a(WString.cpp.o)
                              (--whole-archive)
/home/zoobab/soft/zooswio/build/core/core.a(abi.cpp.o)
                              (--whole-archive)
/home/zoobab/soft/zooswio/build/core/core.a(dtostrf.c.o)
                              (--whole-archive)
/home/zoobab/soft/zooswio/build/core/core.a(board.c.o)
                              (--whole-archive)
/home/zoobab/soft/zooswio/build/core/core.a(PortNames.c.o)
                              (--whole-archive)
/home/zoobab/soft/zooswio/build/core/core.a(analog.cpp.o)
                              (--whole-archive)
/home/zoobab/soft/zooswio/build/core/core.a(ch32_def.c.o)
                              (--whole-archive)
/home/zoobab/soft/zooswio/build/core/core.a(clock.c.o)
                              (--whole-archive)
/home/zoobab/soft/zooswio/build/core/core.a(hw_config.c.o)
                              (--whole-archive)
/home/zoobab/soft/zooswio/build/core/core.a(interrupt.cpp.o)
                              (--whole-archive)
/home/zoobab/soft/zooswio/build/core/core.a(ch32yyxx_adc.c.o)
                              (--whole-archive)
/home/zoobab/soft/zooswio/build/core/core.a(ch32yyxx_bkp.c.o)
                              (--whole-archive)
/home/zoobab/soft/zooswio/build/core/core.a(ch32yyxx_can.c.o)
                              (--whole-archive)
/home/zoobab/soft/zooswio/build/core/core.a(ch32yyxx_crc.c.o)
                              (--whole-archive)
/home/zoobab/soft/zooswio/build/core/core.a(ch32yyxx_dac.c.o)
                              (--whole-archive)
/home/zoobab/soft/zooswio/build/core/core.a(ch32yyxx_dbgmcu.c.o)
                              (--whole-archive)
/home/zoobab/soft/zooswio/build/core/core.a(ch32yyxx_debug.c.o)
                              (--whole-archive)
/home/zoobab/soft/zooswio/build/core/core.a(ch32yyxx_dma.c.o)
                              (--whole-archive)
/home/zoobab/soft/zooswio/build/core/core.a(ch32yyxx_dvp.c.o)
                              (--whole-archive)
/home/zoobab/soft/zooswio/build/core/core.a(ch32yyxx_eth.c.o)
                              (--whole-archive)
/home/zoobab/soft/zooswio/build/core/core.a(ch32yyxx_exti.c.o)
                              (--whole-archive)
/home/zoobab/soft/zooswio/build/core/core.a(ch32yyxx_flash.c.o)
                              (--whole-archive)
/home/zoobab/soft/zooswio/build/core/core.a(ch32yyxx_fsmc.c.o)
                              (--whole-archive)
/home/zoobab/soft/zooswio/build/core/core.a(ch32yyxx_gpio.c.o)
                              (--whole-archive)
/home/zoobab/soft/zooswio/build/core/core.a(ch32yyxx_i2c.c.o)
                              (--whole-archive)
/home/zoobab/soft/zooswio/build/core/core.a(ch32yyxx_it.c.o)
                              (--whole-archive)
/home/zoobab/soft/zooswio/build/core/core.a(ch32yyxx_iwdg.c.o)
                              (--whole-archive)
/home/zoobab/soft/zooswio/build/core/core.a(ch32yyxx_misc.c.o)
                              (--whole-archive)
/home/zoobab/soft/zooswio/build/core/core.a(ch32yyxx_opa.c.o)
                              (--whole-archive)
/home/zoobab/soft/zooswio/build/core/core.a(ch32yyxx_pwr.c.o)
                              (--whole-archive)
/home/zoobab/soft/zooswio/build/core/core.a(ch32yyxx_rcc.c.o)
                              (--whole-archive)
/home/zoobab/soft/zooswio/build/core/core.a(ch32yyxx_rng.c.o)
                              (--whole-archive)
/home/zoobab/soft/zooswio/build/core/core.a(ch32yyxx_rtc.c.o)
                              (--whole-archive)
/home/zoobab/soft/zooswio/build/core/core.a(ch32yyxx_sdio.c.o)
                              (--whole-archive)
/home/zoobab/soft/zooswio/build/core/core.a(ch32yyxx_spi.c.o)
                              (--whole-archive)
/home/zoobab/soft/zooswio/build/core/core.a(ch32yyxx_tim.c.o)
                              (--whole-archive)
/home/zoobab/soft/zooswio/build/core/core.a(ch32yyxx_usart.c.o)
                              (--whole-archive)
/home/zoobab/soft/zooswio/build/core/core.a(ch32yyxx_wwdg.c.o)
                              (--whole-archive)
/home/zoobab/soft/zooswio/build/core/core.a(core_riscv_ch32yyxx.c.o)
                              (--whole-archive)
/home/zoobab/soft/zooswio/build/core/core.a(system_ch32yyxx.c.o)
                              (--whole-archive)
[...]
Memory Configuration

Name             Origin             Length             Attributes
FLASH            0x0000000000000000 0x0000000000004000 xr
RAM              0x0000000020000000 0x0000000000000800 xrw
*default*        0x0000000000000000 0xffffffffffffffff

Linker script and memory map

START GROUP
LOAD /home/zoobab/soft/zooswio/build/sketch/zooswio.ino.cpp.o
LOAD /home/zoobab/soft/zooswio/build/core/PeripheralPins.c.o
LOAD /home/zoobab/soft/zooswio/build/core/variant_CH32V003F4.cpp.o
LOAD /home/zoobab/.arduino15/packages/WCH/tools/riscv-none-embed-gcc/8.2.0/bin/../lib/gcc/riscv-none-embed/8.2.0/../../../../riscv-none-embed/lib/rv32ecxw/ilp32e/libprintf.a
LOAD /home/zoobab/soft/zooswio/build/core/core.a
END GROUP
LOAD /home/zoobab/.arduino15/packages/WCH/tools/riscv-none-embed-gcc/8.2.0/bin/../lib/gcc/riscv-none-embed/8.2.0/../../../../riscv-none-embed/lib/rv32ecxw/ilp32e/libstdc++_nano.a
LOAD /home/zoobab/.arduino15/packages/WCH/tools/riscv-none-embed-gcc/8.2.0/bin/../lib/gcc/riscv-none-embed/8.2.0/../../../../riscv-none-embed/lib/rv32ecxw/ilp32e/libm.a
LOAD /home/zoobab/.arduino15/packages/WCH/tools/riscv-none-embed-gcc/8.2.0/bin/../lib/gcc/riscv-none-embed/8.2.0/../../../../riscv-none-embed/lib/rv32ecxw/ilp32e/libc_nano.a
LOAD /home/zoobab/.arduino15/packages/WCH/tools/riscv-none-embed-gcc/8.2.0/bin/../lib/gcc/riscv-none-embed/8.2.0/rv32ecxw/ilp32e/libgcc.a
LOAD /home/zoobab/.arduino15/packages/WCH/tools/riscv-none-embed-gcc/8.2.0/bin/../lib/gcc/riscv-none-embed/8.2.0/../../../../riscv-none-embed/lib/rv32ecxw/ilp32e/libc_nano.a
LOAD /home/zoobab/.arduino15/packages/WCH/tools/riscv-none-embed-gcc/8.2.0/bin/../lib/gcc/riscv-none-embed/8.2.0/rv32ecxw/ilp32e/libgcc.a
START GROUP
LOAD /home/zoobab/.arduino15/packages/WCH/tools/riscv-none-embed-gcc/8.2.0/bin/../lib/gcc/riscv-none-embed/8.2.0/rv32ecxw/ilp32e/libgcc.a
LOAD /home/zoobab/.arduino15/packages/WCH/tools/riscv-none-embed-gcc/8.2.0/bin/../lib/gcc/riscv-none-embed/8.2.0/../../../../riscv-none-embed/lib/rv32ecxw/ilp32e/libc_nano.a
LOAD /home/zoobab/.arduino15/packages/WCH/tools/riscv-none-embed-gcc/8.2.0/bin/../lib/gcc/riscv-none-embed/8.2.0/../../../../riscv-none-embed/lib/rv32ecxw/ilp32e/libnosys.a
END GROUP
START GROUP
LOAD /home/zoobab/.arduino15/packages/WCH/tools/riscv-none-embed-gcc/8.2.0/bin/../lib/gcc/riscv-none-embed/8.2.0/rv32ecxw/ilp32e/libgcc.a
LOAD /home/zoobab/.arduino15/packages/WCH/tools/riscv-none-embed-gcc/8.2.0/bin/../lib/gcc/riscv-none-embed/8.2.0/../../../../riscv-none-embed/lib/rv32ecxw/ilp32e/libc_nano.a
LOAD /home/zoobab/.arduino15/packages/WCH/tools/riscv-none-embed-gcc/8.2.0/bin/../lib/gcc/riscv-none-embed/8.2.0/../../../../riscv-none-embed/lib/rv32ecxw/ilp32e/libnosys.a
END GROUP
                0x00000000000001c0                __stack_size = 0x1c0
                [!provide]                        PROVIDE (_stack_size = __stack_size)

.init           0x0000000000000000       0xa0
                0x0000000000000000                _sinit = .
                0x0000000000000000                . = ALIGN (0x4)
 *(SORT_NONE(.init))
 .init          0x0000000000000000       0x9e /home/zoobab/soft/zooswio/build/core/core.a(startup_ch32yyxx.S.o)
                0x0000000000000000                _start
                0x00000000000000a0                . = ALIGN (0x4)
 *fill*         0x000000000000009e        0x2 
                0x00000000000000a0                _einit = .

.text           0x00000000000000a0     0x1da4
                0x00000000000000a0                . = ALIGN (0x4)
 *(.text)
 .text          0x00000000000000a0       0x14 /home/zoobab/.arduino15/packages/WCH/tools/riscv-none-embed-gcc/8.2.0/bin/../lib/gcc/riscv-none-embed/8.2.0/rv32ecxw/ilp32e/libgcc.a(save-restore.o)
                0x00000000000000a0                __riscv_save_1
                0x00000000000000a0                __riscv_save_2
                0x00000000000000a0                __riscv_save_0
                0x00000000000000aa                __riscv_restore_2
                0x00000000000000aa                __riscv_restore_0
                0x00000000000000aa                __riscv_restore_1
 .text          0x00000000000000b4       0x16 /home/zoobab/.arduino15/packages/WCH/tools/riscv-none-embed-gcc/8.2.0/bin/../lib/gcc/riscv-none-embed/8.2.0/rv32ecxw/ilp32e/libgcc.a(muldi3.o)
                0x00000000000000b4                __mulsi3
 *fill*         0x00000000000000ca        0x2 
 .text          0x00000000000000cc       0x7e /home/zoobab/.arduino15/packages/WCH/tools/riscv-none-embed-gcc/8.2.0/bin/../lib/gcc/riscv-none-embed/8.2.0/rv32ecxw/ilp32e/libgcc.a(div.o)
                0x00000000000000cc                __divsi3
                0x00000000000000d4                __udivsi3
                0x0000000000000100                __umodsi3
                0x0000000000000124                __modsi3
 *(.text.*)
 .text._ZL13swio_send_onev
                0x000000000000014a       0x60 /home/zoobab/soft/zooswio/build/sketch/zooswio.ino.cpp.o
 .text._ZL14swio_send_zerov
                0x00000000000001aa       0x6c /home/zoobab/soft/zooswio/build/sketch/zooswio.ino.cpp.o
 .text._ZN14HardwareSerial5writeEi
                0x0000000000000216       0x10 /home/zoobab/soft/zooswio/build/sketch/zooswio.ino.cpp.o
                0x0000000000000216                HardwareSerial::write(int)
 .text._Z14swio_write_reghm
                0x0000000000000226      0x11e /home/zoobab/soft/zooswio/build/sketch/zooswio.ino.cpp.o
                0x0000000000000226                swio_write_reg(unsigned char, unsigned long)
 .text._Z13swio_read_regh
                0x0000000000000344      0x16c /home/zoobab/soft/zooswio/build/sketch/zooswio.ino.cpp.o
                0x0000000000000344                swio_read_reg(unsigned char)
 .text._Z9swio_initv
                0x00000000000004b0       0x38 /home/zoobab/soft/zooswio/build/sketch/zooswio.ino.cpp.o
                0x00000000000004b0                swio_init()
 .text._Z12target_poweri
                0x00000000000004e8       0x10 /home/zoobab/soft/zooswio/build/sketch/zooswio.ino.cpp.o
                0x00000000000004e8                target_power(int)
 .text.setup    0x00000000000004f8       0x34 /home/zoobab/soft/zooswio/build/sketch/zooswio.ino.cpp.o
                0x00000000000004f8                setup
 .text.loop     0x000000000000052c       0xc8 /home/zoobab/soft/zooswio/build/sketch/zooswio.ino.cpp.o
                0x000000000000052c                loop
 .text._ZN5Print17availableForWriteEv
                0x00000000000005f4        0x4 /home/zoobab/soft/zooswio/build/core/core.a(HardwareSerial.cpp.o)
                0x00000000000005f4                Print::availableForWrite()
 .text._ZN5Print5flushEv
                0x00000000000005f8        0x2 /home/zoobab/soft/zooswio/build/core/core.a(HardwareSerial.cpp.o)
                0x00000000000005f8                Print::flush()
 .text._ZN14HardwareSerial9availableEv
                0x00000000000005fa        0x4 /home/zoobab/soft/zooswio/build/core/core.a(HardwareSerial.cpp.o)
                0x00000000000005fa                HardwareSerial::peek()
                0x00000000000005fa                HardwareSerial::available()
 .text._ZN14HardwareSerial5writeEh
                0x00000000000005fe       0x18 /home/zoobab/soft/zooswio/build/core/core.a(HardwareSerial.cpp.o)
                0x00000000000005fe                HardwareSerial::write(unsigned char)
 .text._ZN14HardwareSerial4readEv
                0x0000000000000616       0x1c /home/zoobab/soft/zooswio/build/core/core.a(HardwareSerial.cpp.o)
                0x0000000000000616                HardwareSerial::read()
 .text._ZN14HardwareSerial5writeEPKhj
                0x0000000000000632        0xe /home/zoobab/soft/zooswio/build/core/core.a(HardwareSerial.cpp.o)
                0x0000000000000632                HardwareSerial::write(unsigned char const*, unsigned int)
 .text._ZN14HardwareSerial5beginEmh
                0x0000000000000640       0x66 /home/zoobab/soft/zooswio/build/core/core.a(HardwareSerial.cpp.o)
                0x0000000000000640                HardwareSerial::begin(unsigned long, unsigned char)
 .text._ZN14HardwareSerial5setRxEm
                0x00000000000006a6       0x58 /home/zoobab/soft/zooswio/build/core/core.a(HardwareSerial.cpp.o)
                0x00000000000006a6                HardwareSerial::setRx(unsigned long)
 .text._ZN14HardwareSerial5setTxEm
                0x00000000000006fe       0x58 /home/zoobab/soft/zooswio/build/core/core.a(HardwareSerial.cpp.o)
                0x00000000000006fe                HardwareSerial::setTx(unsigned long)
 .text._ZN14HardwareSerialC2EPv
                0x0000000000000756       0x3e /home/zoobab/soft/zooswio/build/core/core.a(HardwareSerial.cpp.o)
                0x0000000000000756                HardwareSerial::HardwareSerial(void*)
                0x0000000000000756                HardwareSerial::HardwareSerial(void*)
 .text.startup._GLOBAL__sub_I__ZN14HardwareSerialC2EPv
                0x0000000000000794       0x16 /home/zoobab/soft/zooswio/build/core/core.a(HardwareSerial.cpp.o)
 .text._ZN6Stream9timedReadEv
                0x00000000000007aa       0x2c /home/zoobab/soft/zooswio/build/core/core.a(Stream.cpp.o)
                0x00000000000007aa                Stream::timedRead()
 .text._ZN6Stream9readBytesEPcj
                0x00000000000007d6       0x30 /home/zoobab/soft/zooswio/build/core/core.a(Stream.cpp.o)
                0x00000000000007d6                Stream::readBytes(char*, unsigned int)
 .text._ZN6Stream14readBytesUntilEcPcj
                0x0000000000000806       0x3c /home/zoobab/soft/zooswio/build/core/core.a(Stream.cpp.o)
                0x0000000000000806                Stream::readBytesUntil(char, char*, unsigned int)
 .text.pre_init
                0x0000000000000842        0xa /home/zoobab/soft/zooswio/build/core/core.a(board.c.o)
                0x0000000000000842                pre_init
 .text.set_GPIO_Port_Clock
                0x000000000000084c       0x46 /home/zoobab/soft/zooswio/build/core/core.a(PortNames.c.o)
                0x000000000000084c                set_GPIO_Port_Clock
 .text.GetTick  0x0000000000000892        0xa /home/zoobab/soft/zooswio/build/core/core.a(clock.c.o)
                0x0000000000000892                GetTick
 .text.noOsSystickHandler
                0x000000000000089c        0x2 /home/zoobab/soft/zooswio/build/core/core.a(clock.c.o)
                0x000000000000089c                noOsSystickHandler
                0x000000000000089c                osSystickHandler
 .text.getCurrentMillis
                0x000000000000089e        0xa /home/zoobab/soft/zooswio/build/core/core.a(clock.c.o)
                0x000000000000089e                getCurrentMillis
 .text.SysTick_Handler
                0x00000000000008a8       0x2a /home/zoobab/soft/zooswio/build/core/core.a(clock.c.o)
                0x00000000000008a8                SysTick_Handler
 .text.systick_init
                0x00000000000008d2       0x40 /home/zoobab/soft/zooswio/build/core/core.a(hw_config.c.o)
                0x00000000000008d2                systick_init
 .text.hw_config_init
                0x0000000000000912        0xa /home/zoobab/soft/zooswio/build/core/core.a(hw_config.c.o)
                0x0000000000000912                hw_config_init
 .text._Z19_gpio_exti_callbackt
                0x000000000000091c       0x2e /home/zoobab/soft/zooswio/build/core/core.a(interrupt.cpp.o)
                0x000000000000091c                _gpio_exti_callback(unsigned short)
 .text.EXTI7_0_IRQHandler
                0x000000000000094a       0x26 /home/zoobab/soft/zooswio/build/core/core.a(interrupt.cpp.o)
                0x000000000000094a                EXTI7_0_IRQHandler
 .text._fini    0x0000000000000970        0x2 /home/zoobab/soft/zooswio/build/core/core.a(ch32yyxx_debug.c.o)
                0x0000000000000970                _fini
 .text._init    0x0000000000000972        0x2 /home/zoobab/soft/zooswio/build/core/core.a(ch32yyxx_debug.c.o)
                0x0000000000000972                _init
 .text.EXTI_ClearITPendingBit
                0x0000000000000974        0xa /home/zoobab/soft/zooswio/build/core/core.a(ch32yyxx_exti.c.o)
                0x0000000000000974                EXTI_ClearITPendingBit
 .text.GPIO_Init
                0x000000000000097e       0xd6 /home/zoobab/soft/zooswio/build/core/core.a(ch32yyxx_gpio.c.o)
                0x000000000000097e                GPIO_Init
 .text.GPIO_SetBits
                0x0000000000000a54        0x4 /home/zoobab/soft/zooswio/build/core/core.a(ch32yyxx_gpio.c.o)
                0x0000000000000a54                GPIO_SetBits
 .text.GPIO_ResetBits
                0x0000000000000a58        0x4 /home/zoobab/soft/zooswio/build/core/core.a(ch32yyxx_gpio.c.o)
                0x0000000000000a58                GPIO_ResetBits
 .text.GPIO_PinRemapConfig
                0x0000000000000a5c       0xc4 /home/zoobab/soft/zooswio/build/core/core.a(ch32yyxx_gpio.c.o)
                0x0000000000000a5c                GPIO_PinRemapConfig
 .text.NMI_Handler
                0x0000000000000b20        0x4 /home/zoobab/soft/zooswio/build/core/core.a(ch32yyxx_it.c.o)
                0x0000000000000b20                NMI_Handler
 .text.HardFault_Handler
                0x0000000000000b24        0x2 /home/zoobab/soft/zooswio/build/core/core.a(ch32yyxx_it.c.o)
                0x0000000000000b24                HardFault_Handler
 .text.RCC_GetClocksFreq
                0x0000000000000b26       0x9c /home/zoobab/soft/zooswio/build/core/core.a(ch32yyxx_rcc.c.o)
                0x0000000000000b26                RCC_GetClocksFreq
 .text.RCC_APB2PeriphClockCmd
                0x0000000000000bc2       0x1e /home/zoobab/soft/zooswio/build/core/core.a(ch32yyxx_rcc.c.o)
                0x0000000000000bc2                RCC_APB2PeriphClockCmd
 .text.USART_Init
                0x0000000000000be0       0xcc /home/zoobab/soft/zooswio/build/core/core.a(ch32yyxx_usart.c.o)
                0x0000000000000be0                USART_Init
 .text.USART_Cmd
                0x0000000000000cac       0x16 /home/zoobab/soft/zooswio/build/core/core.a(ch32yyxx_usart.c.o)
                0x0000000000000cac                USART_Cmd
 .text.USART_SendData
                0x0000000000000cc2        0x8 /home/zoobab/soft/zooswio/build/core/core.a(ch32yyxx_usart.c.o)
                0x0000000000000cc2                USART_SendData
 .text.USART_ReceiveData
                0x0000000000000cca        0x8 /home/zoobab/soft/zooswio/build/core/core.a(ch32yyxx_usart.c.o)
                0x0000000000000cca                USART_ReceiveData
 .text.USART_HalfDuplexCmd
                0x0000000000000cd2       0x18 /home/zoobab/soft/zooswio/build/core/core.a(ch32yyxx_usart.c.o)
                0x0000000000000cd2                USART_HalfDuplexCmd
 .text.USART_GetFlagStatus
                0x0000000000000cea        0xa /home/zoobab/soft/zooswio/build/core/core.a(ch32yyxx_usart.c.o)
                0x0000000000000cea                USART_GetFlagStatus
 .text.SystemInit
                0x0000000000000cf4       0xfe /home/zoobab/soft/zooswio/build/core/core.a(system_ch32yyxx.c.o)
                0x0000000000000cf4                SystemInit
 .text.pin_function
                0x0000000000000df2      0x194 /home/zoobab/soft/zooswio/build/core/core.a(pinmap.c.o)
                0x0000000000000df2                pin_function
 .text.pinmap_pinout
                0x0000000000000f86       0x24 /home/zoobab/soft/zooswio/build/core/core.a(pinmap.c.o)
                0x0000000000000f86                pinmap_pinout
 .text.pinmap_find_peripheral
                0x0000000000000faa       0x18 /home/zoobab/soft/zooswio/build/core/core.a(pinmap.c.o)
                0x0000000000000faa                pinmap_find_peripheral
 .text.pinmap_peripheral
                0x0000000000000fc2       0x14 /home/zoobab/soft/zooswio/build/core/core.a(pinmap.c.o)
                0x0000000000000fc2                pinmap_peripheral
 .text.pinmap_merge_peripheral
                0x0000000000000fd6       0x12 /home/zoobab/soft/zooswio/build/core/core.a(pinmap.c.o)
                0x0000000000000fd6                pinmap_merge_peripheral
 .text.vector_handler
                0x0000000000000fe8       0x36 /home/zoobab/soft/zooswio/build/core/core.a(startup_ch32yyxx.S.o)
                0x0000000000000fee                SW_Handler
                0x0000000000000ff0                WWDG_IRQHandler
                0x0000000000000ff2                PVD_IRQHandler
                0x0000000000000ff4                FLASH_IRQHandler
                0x0000000000000ff6                RCC_IRQHandler
                0x0000000000000ffa                AWU_IRQHandler
                0x0000000000000ffc                DMA1_Channel1_IRQHandler
                0x0000000000000ffe                DMA1_Channel2_IRQHandler
                0x0000000000001000                DMA1_Channel3_IRQHandler
                0x0000000000001002                DMA1_Channel4_IRQHandler
                0x0000000000001004                DMA1_Channel5_IRQHandler
                0x0000000000001006                DMA1_Channel6_IRQHandler
                0x0000000000001008                DMA1_Channel7_IRQHandler
                0x000000000000100a                ADC1_IRQHandler
                0x000000000000100c                I2C1_EV_IRQHandler
                0x000000000000100e                I2C1_ER_IRQHandler
                0x0000000000001010                USART1_IRQHandler
                0x0000000000001012                SPI1_IRQHandler
                0x0000000000001014                TIM1_BRK_IRQHandler
                0x0000000000001016                TIM1_UP_IRQHandler
                0x0000000000001018                TIM1_TRG_COM_IRQHandler
                0x000000000000101a                TIM1_CC_IRQHandler
                0x000000000000101c                TIM2_IRQHandler
 .text.handle_reset
                0x000000000000101e       0x88 /home/zoobab/soft/zooswio/build/core/core.a(startup_ch32yyxx.S.o)
                0x000000000000101e                handle_reset
 .text.uart_init.part.0
                0x00000000000010a6      0x138 /home/zoobab/soft/zooswio/build/core/core.a(uart.c.o)
 .text.uart_init
                0x00000000000011de        0xe /home/zoobab/soft/zooswio/build/core/core.a(uart.c.o)
                0x00000000000011de                uart_init
 .text.uart_debug_init
                0x00000000000011ec       0x42 /home/zoobab/soft/zooswio/build/core/core.a(uart.c.o)
                0x00000000000011ec                uart_debug_init
 .text.serial_rx_active
                0x000000000000122e       0x26 /home/zoobab/soft/zooswio/build/core/core.a(uart.c.o)
                0x000000000000122e                serial_rx_active
 .text.serial_tx_active
                0x0000000000001254       0x26 /home/zoobab/soft/zooswio/build/core/core.a(uart.c.o)
                0x0000000000001254                serial_tx_active
 .text.uart_debug_write
                0x000000000000127a      0x100 /home/zoobab/soft/zooswio/build/core/core.a(uart.c.o)
                0x000000000000127a                uart_debug_write
 .text.uart_getc
                0x000000000000137a       0x34 /home/zoobab/soft/zooswio/build/core/core.a(uart.c.o)
                0x000000000000137a                uart_getc
 .text.startup.main
                0x00000000000013ae       0x12 /home/zoobab/soft/zooswio/build/core/core.a(main.cpp.o)
                0x00000000000013ae                main
 .text.pinMode  0x00000000000013c0       0x84 /home/zoobab/soft/zooswio/build/core/core.a(wiring_digital.c.o)
                0x00000000000013c0                pinMode
 .text.digitalWrite
                0x0000000000001444       0x98 /home/zoobab/soft/zooswio/build/core/core.a(wiring_digital.c.o)
                0x0000000000001444                digitalWrite
 .text.millis   0x00000000000014dc        0xc /home/zoobab/soft/zooswio/build/core/core.a(wiring_time.c.o)
                0x00000000000014dc                millis
 .text.delay    0x00000000000014e8       0x1e /home/zoobab/soft/zooswio/build/core/core.a(wiring_time.c.o)
                0x00000000000014e8                delay
 .text.atexit   0x0000000000001506        0xa /home/zoobab/.arduino15/packages/WCH/tools/riscv-none-embed-gcc/8.2.0/bin/../lib/gcc/riscv-none-embed/8.2.0/../../../../riscv-none-embed/lib/rv32ecxw/ilp32e/libc_nano.a(lib_a-atexit.o)
                0x0000000000001506                atexit
 .text.__libc_fini_array
                0x0000000000001510       0x3a /home/zoobab/.arduino15/packages/WCH/tools/riscv-none-embed-gcc/8.2.0/bin/../lib/gcc/riscv-none-embed/8.2.0/../../../../riscv-none-embed/lib/rv32ecxw/ilp32e/libc_nano.a(lib_a-fini.o)
                0x0000000000001510                __libc_fini_array
 .text.__libc_init_array
                0x000000000000154a       0x76 /home/zoobab/.arduino15/packages/WCH/tools/riscv-none-embed-gcc/8.2.0/bin/../lib/gcc/riscv-none-embed/8.2.0/../../../../riscv-none-embed/lib/rv32ecxw/ilp32e/libc_nano.a(lib_a-init.o)
                0x000000000000154a                __libc_init_array
 .text.__register_exitproc
                0x00000000000015c0       0x7a /home/zoobab/.arduino15/packages/WCH/tools/riscv-none-embed-gcc/8.2.0/bin/../lib/gcc/riscv-none-embed/8.2.0/../../../../riscv-none-embed/lib/rv32ecxw/ilp32e/libc_nano.a(lib_a-__atexit.o)
                0x00000000000015c0                __register_exitproc
 .text.startup.register_fini
                0x000000000000163a       0x16 /home/zoobab/.arduino15/packages/WCH/tools/riscv-none-embed-gcc/8.2.0/bin/../lib/gcc/riscv-none-embed/8.2.0/../../../../riscv-none-embed/lib/rv32ecxw/ilp32e/libc_nano.a(lib_a-__call_atexit.o)
 .text.__udivdi3
                0x0000000000001650      0x4f2 /home/zoobab/.arduino15/packages/WCH/tools/riscv-none-embed-gcc/8.2.0/bin/../lib/gcc/riscv-none-embed/8.2.0/rv32ecxw/ilp32e/libgcc.a(_udivdi3.o)
                0x0000000000001650                __udivdi3
 .text.__muldi3
                0x0000000000001b42       0x6a /home/zoobab/.arduino15/packages/WCH/tools/riscv-none-embed-gcc/8.2.0/bin/../lib/gcc/riscv-none-embed/8.2.0/rv32ecxw/ilp32e/libgcc.a(multi3.o)
                0x0000000000001b42                __muldi3
 *(.rodata)
 *(.rodata*)
 *fill*         0x0000000000001bac        0x0 
 .rodata.PinMap_UART_CTS
                0x0000000000001bac       0x18 /home/zoobab/soft/zooswio/build/core/PeripheralPins.c.o
                0x0000000000001bac                PinMap_UART_CTS
 .rodata.PinMap_UART_RTS
                0x0000000000001bc4       0x18 /home/zoobab/soft/zooswio/build/core/PeripheralPins.c.o
                0x0000000000001bc4                PinMap_UART_RTS
 .rodata.PinMap_UART_RX
                0x0000000000001bdc       0x18 /home/zoobab/soft/zooswio/build/core/PeripheralPins.c.o
                0x0000000000001bdc                PinMap_UART_RX
 .rodata.PinMap_UART_TX
                0x0000000000001bf4       0x18 /home/zoobab/soft/zooswio/build/core/PeripheralPins.c.o
                0x0000000000001bf4                PinMap_UART_TX
 .rodata.analogInputPin
                0x0000000000001c0c       0x20 /home/zoobab/soft/zooswio/build/core/variant_CH32V003F4.cpp.o
                0x0000000000001c0c                analogInputPin
 .rodata.digitalPin
                0x0000000000001c2c       0x48 /home/zoobab/soft/zooswio/build/core/variant_CH32V003F4.cpp.o
                0x0000000000001c2c                digitalPin
 .rodata._ZTV14HardwareSerial
                0x0000000000001c74       0x2c /home/zoobab/soft/zooswio/build/core/core.a(HardwareSerial.cpp.o)
                0x0000000000001c74                vtable for HardwareSerial
 .rodata.pin_function
                0x0000000000001ca0       0x6c /home/zoobab/soft/zooswio/build/core/core.a(pinmap.c.o)
 .rodata.pin_map
                0x0000000000001d0c       0x20 /home/zoobab/soft/zooswio/build/core/core.a(pinmap.c.o)
                0x0000000000001d0c                pin_map
 .rodata.pinMode
                0x0000000000001d2c       0x18 /home/zoobab/soft/zooswio/build/core/core.a(wiring_digital.c.o)
 .rodata.__clz_tab
                0x0000000000001d44      0x100 /home/zoobab/.arduino15/packages/WCH/tools/riscv-none-embed-gcc/8.2.0/bin/../lib/gcc/riscv-none-embed/8.2.0/rv32ecxw/ilp32e/libgcc.a(_clz.o)
                0x0000000000001d44                __clz_tab
 *(.gnu.linkonce.t.*)
                0x0000000000001e44                . = ALIGN (0x4)

.rela.dyn       0x0000000000001e44        0x0
 .rela.text.setup
                0x0000000000001e44        0x0 /home/zoobab/soft/zooswio/build/sketch/zooswio.ino.cpp.o
 .rela.text.loop
                0x0000000000001e44        0x0 /home/zoobab/soft/zooswio/build/sketch/zooswio.ino.cpp.o
 .rela.text._ZN14HardwareSerialC2EPv
                0x0000000000001e44        0x0 /home/zoobab/soft/zooswio/build/sketch/zooswio.ino.cpp.o
 .rela.rodata._ZTV14HardwareSerial
                0x0000000000001e44        0x0 /home/zoobab/soft/zooswio/build/sketch/zooswio.ino.cpp.o
 .rela.text.getCurrentMillis
                0x0000000000001e44        0x0 /home/zoobab/soft/zooswio/build/sketch/zooswio.ino.cpp.o
 .rela.text.SysTick_Handler
                0x0000000000001e44        0x0 /home/zoobab/soft/zooswio/build/sketch/zooswio.ino.cpp.o
 .rela.init     0x0000000000001e44        0x0 /home/zoobab/soft/zooswio/build/sketch/zooswio.ino.cpp.o
 .rela.text.handle_reset
                0x0000000000001e44        0x0 /home/zoobab/soft/zooswio/build/sketch/zooswio.ino.cpp.o
 .rela.text.uart_init.part.0
                0x0000000000001e44        0x0 /home/zoobab/soft/zooswio/build/sketch/zooswio.ino.cpp.o
 .rela.text.uart_debug_init
                0x0000000000001e44        0x0 /home/zoobab/soft/zooswio/build/sketch/zooswio.ino.cpp.o
 .rela.text.uart_debug_write
                0x0000000000001e44        0x0 /home/zoobab/soft/zooswio/build/sketch/zooswio.ino.cpp.o
 .rela.text.startup.main
                0x0000000000001e44        0x0 /home/zoobab/soft/zooswio/build/sketch/zooswio.ino.cpp.o
 .rela.text.__libc_fini_array
                0x0000000000001e44        0x0 /home/zoobab/soft/zooswio/build/sketch/zooswio.ino.cpp.o
 .rela.text.__libc_init_array
                0x0000000000001e44        0x0 /home/zoobab/soft/zooswio/build/sketch/zooswio.ino.cpp.o
 .rela.text.__register_exitproc
                0x0000000000001e44        0x0 /home/zoobab/soft/zooswio/build/sketch/zooswio.ino.cpp.o
 .rela.text.startup.register_fini
                0x0000000000001e44        0x0 /home/zoobab/soft/zooswio/build/sketch/zooswio.ino.cpp.o

.fini           0x0000000000001e44        0x0
 *(SORT_NONE(.fini))
                0x0000000000001e44                . = ALIGN (0x4)
                [!provide]                        PROVIDE (_etext = .)
                [!provide]                        PROVIDE (_eitcm = .)

.preinit_array  0x0000000000001e44        0x0
                0x0000000000001e44                PROVIDE (__preinit_array_start = .)
 *(.preinit_array)
                0x0000000000001e44                PROVIDE (__preinit_array_end = .)

.init_array     0x0000000000001e44        0x8
                0x0000000000001e44                PROVIDE (__init_array_start = .)
 *(SORT_BY_INIT_PRIORITY(.init_array.*) SORT_BY_INIT_PRIORITY(.ctors.*))
 .init_array.00000
                0x0000000000001e44        0x4 /home/zoobab/.arduino15/packages/WCH/tools/riscv-none-embed-gcc/8.2.0/bin/../lib/gcc/riscv-none-embed/8.2.0/../../../../riscv-none-embed/lib/rv32ecxw/ilp32e/libc_nano.a(lib_a-__call_atexit.o)
 *(.init_array EXCLUDE_FILE(*crtend?.o *crtend.o *crtbegin?.o *crtbegin.o) .ctors)
 .init_array    0x0000000000001e48        0x4 /home/zoobab/soft/zooswio/build/core/core.a(HardwareSerial.cpp.o)
                0x0000000000001e4c                PROVIDE (__init_array_end = .)

.fini_array     0x0000000000001e4c        0x0
                0x0000000000001e4c                PROVIDE (__fini_array_start = .)
 *(SORT_BY_INIT_PRIORITY(.fini_array.*) SORT_BY_INIT_PRIORITY(.dtors.*))
 *(.fini_array EXCLUDE_FILE(*crtend?.o *crtend.o *crtbegin?.o *crtbegin.o) .dtors)
                0x0000000000001e4c                PROVIDE (__fini_array_end = .)

.ctors
 *crtbegin.o(.ctors)
 *crtbegin?.o(.ctors)
 *(EXCLUDE_FILE(*crtend?.o *crtend.o) .ctors)
 *(SORT_BY_NAME(.ctors.*))
 *(.ctors)

.dtors
 *crtbegin.o(.dtors)
 *crtbegin?.o(.dtors)
 *(EXCLUDE_FILE(*crtend?.o *crtend.o) .dtors)
 *(SORT_BY_NAME(.dtors.*))
 *(.dtors)

.dalign         0x0000000020000000        0x0 load address 0x0000000000001e4c
                0x0000000020000000                . = ALIGN (0x4)
                0x0000000020000000                PROVIDE (_data_vma = .)

.dlalign        0x0000000000001e4c        0x0
                0x0000000000001e4c                . = ALIGN (0x4)
                0x0000000000001e4c                PROVIDE (_data_lma = .)

.data           0x0000000020000000       0xb0 load address 0x0000000000001e4c
                0x0000000020000000                . = ALIGN (0x4)
 *(.gnu.linkonce.r.*)
 *(.data .data.*)
 .data.GPIOPort
                0x0000000020000000        0xc /home/zoobab/soft/zooswio/build/core/core.a(PortNames.c.o)
                0x0000000020000000                GPIOPort
 .data._ZL13gpio_irq_conf
                0x000000002000000c       0x40 /home/zoobab/soft/zooswio/build/core/core.a(interrupt.cpp.o)
 .data.ADCPrescTable
                0x000000002000004c       0x14 /home/zoobab/soft/zooswio/build/core/core.a(ch32yyxx_rcc.c.o)
 .data.APBAHBPrescTable
                0x0000000020000060       0x10 /home/zoobab/soft/zooswio/build/core/core.a(ch32yyxx_rcc.c.o)
 .data.serial_debug
                0x0000000020000070       0x30 /home/zoobab/soft/zooswio/build/core/core.a(uart.c.o)
 *(.gnu.linkonce.d.*)
                0x00000000200000a0                . = ALIGN (0x8)
                0x00000000200008a0                PROVIDE (__global_pointer$ = (. + 0x800))
 *(.sdata .sdata.*)
 .sdata.SystemCoreClock
                0x00000000200000a0        0x4 /home/zoobab/soft/zooswio/build/core/core.a(system_ch32yyxx.c.o)
                0x00000000200000a0                SystemCoreClock
 *(.sdata2*)
 .sdata2.CSWTCH.56
                0x00000000200000a4        0x4 /home/zoobab/soft/zooswio/build/core/core.a(HardwareSerial.cpp.o)
 .sdata2.CSWTCH.57
                0x00000000200000a8        0x6 /home/zoobab/soft/zooswio/build/core/core.a(HardwareSerial.cpp.o)
 *(.gnu.linkonce.s.*)
                0x00000000200000b0                . = ALIGN (0x8)
 *fill*         0x00000000200000ae        0x2 
 *(.srodata.cst16)
 *(.srodata.cst8)
 *(.srodata.cst4)
 *(.srodata.cst2)
 *(.srodata .srodata.*)
                0x00000000200000b0                . = ALIGN (0x4)
                0x00000000200000b0                PROVIDE (_edata = .)

.bss            0x00000000200000b0       0xe4 load address 0x0000000000001efc
                0x00000000200000b0                . = ALIGN (0x4)
                0x00000000200000b0                PROVIDE (_sbss = .)
 *(.sbss*)
 .sbss.msTick   0x00000000200000b0        0x8 /home/zoobab/soft/zooswio/build/core/core.a(clock.c.o)
                0x00000000200000b0                msTick
 .sbss.uart_handlers
                0x00000000200000b8        0x4 /home/zoobab/soft/zooswio/build/core/core.a(uart.c.o)
 .sbss._global_atexit
                0x00000000200000bc        0x4 /home/zoobab/.arduino15/packages/WCH/tools/riscv-none-embed-gcc/8.2.0/bin/../lib/gcc/riscv-none-embed/8.2.0/../../../../riscv-none-embed/lib/rv32ecxw/ilp32e/libc_nano.a(lib_a-__call_atexit.o)
                0x00000000200000bc                _global_atexit
 *(.gnu.linkonce.sb.*)
 *(.bss*)
 .bss.Serial1   0x00000000200000c0       0x48 /home/zoobab/soft/zooswio/build/core/core.a(HardwareSerial.cpp.o)
                0x00000000200000c0                Serial1
 .bss._global_atexit0
                0x0000000020000108       0x8c /home/zoobab/.arduino15/packages/WCH/tools/riscv-none-embed-gcc/8.2.0/bin/../lib/gcc/riscv-none-embed/8.2.0/../../../../riscv-none-embed/lib/rv32ecxw/ilp32e/libc_nano.a(lib_a-__atexit.o)
 *(.gnu.linkonce.b.*)
 *(COMMON*)
                0x0000000020000194                . = ALIGN (0x4)
                0x0000000020000194                PROVIDE (_ebss = .)
                0x0000000020000194                PROVIDE (_end = _ebss)
                [!provide]                        PROVIDE (end = .)

.stack          0x0000000020000640      0x1c0
                0x0000000020000640                PROVIDE (_heap_end = .)
                0x0000000020000640                . = ALIGN (0x4)
                [!provide]                        PROVIDE (_susrstack = .)
                0x0000000020000800                . = (. + __stack_size)
 *fill*         0x0000000020000640      0x1c0 
                0x0000000020000800                PROVIDE (_eusrstack = .)
OUTPUT(/home/zoobab/soft/zooswio/build/zooswio.ino.elf elf32-littleriscv)

.comment        0x0000000000000000       0x33
 .comment       0x0000000000000000       0x33 /home/zoobab/soft/zooswio/build/sketch/zooswio.ino.cpp.o
                                         0x34 (size before relaxing)
 .comment       0x0000000000000033       0x34 /home/zoobab/soft/zooswio/build/core/PeripheralPins.c.o
 .comment       0x0000000000000033       0x34 /home/zoobab/soft/zooswio/build/core/variant_CH32V003F4.cpp.o
 .comment       0x0000000000000033       0x34 /home/zoobab/soft/zooswio/build/core/core.a(HardwareSerial.cpp.o)
 .comment       0x0000000000000033       0x34 /home/zoobab/soft/zooswio/build/core/core.a(Stream.cpp.o)
 .comment       0x0000000000000033       0x34 /home/zoobab/soft/zooswio/build/core/core.a(board.c.o)
 .comment       0x0000000000000033       0x34 /home/zoobab/soft/zooswio/build/core/core.a(PortNames.c.o)
 .comment       0x0000000000000033       0x34 /home/zoobab/soft/zooswio/build/core/core.a(clock.c.o)
 .comment       0x0000000000000033       0x34 /home/zoobab/soft/zooswio/build/core/core.a(hw_config.c.o)
 .comment       0x0000000000000033       0x34 /home/zoobab/soft/zooswio/build/core/core.a(interrupt.cpp.o)
 .comment       0x0000000000000033       0x34 /home/zoobab/soft/zooswio/build/core/core.a(ch32yyxx_debug.c.o)
 .comment       0x0000000000000033       0x34 /home/zoobab/soft/zooswio/build/core/core.a(ch32yyxx_exti.c.o)
 .comment       0x0000000000000033       0x34 /home/zoobab/soft/zooswio/build/core/core.a(ch32yyxx_gpio.c.o)
 .comment       0x0000000000000033       0x34 /home/zoobab/soft/zooswio/build/core/core.a(ch32yyxx_it.c.o)
 .comment       0x0000000000000033       0x34 /home/zoobab/soft/zooswio/build/core/core.a(ch32yyxx_rcc.c.o)
 .comment       0x0000000000000033       0x34 /home/zoobab/soft/zooswio/build/core/core.a(ch32yyxx_usart.c.o)
 .comment       0x0000000000000033       0x34 /home/zoobab/soft/zooswio/build/core/core.a(system_ch32yyxx.c.o)
 .comment       0x0000000000000033       0x34 /home/zoobab/soft/zooswio/build/core/core.a(pinmap.c.o)
 .comment       0x0000000000000033       0x34 /home/zoobab/soft/zooswio/build/core/core.a(uart.c.o)
 .comment       0x0000000000000033       0x34 /home/zoobab/soft/zooswio/build/core/core.a(main.cpp.o)
 .comment       0x0000000000000033       0x34 /home/zoobab/soft/zooswio/build/core/core.a(wiring_digital.c.o)
 .comment       0x0000000000000033       0x34 /home/zoobab/soft/zooswio/build/core/core.a(wiring_time.c.o)

.debug_frame    0x0000000000000000      0x12c
 .debug_frame   0x0000000000000000       0x20 /home/zoobab/.arduino15/packages/WCH/tools/riscv-none-embed-gcc/8.2.0/bin/../lib/gcc/riscv-none-embed/8.2.0/../../../../riscv-none-embed/lib/rv32ecxw/ilp32e/libc_nano.a(lib_a-atexit.o)
 .debug_frame   0x0000000000000020       0x38 /home/zoobab/.arduino15/packages/WCH/tools/riscv-none-embed-gcc/8.2.0/bin/../lib/gcc/riscv-none-embed/8.2.0/../../../../riscv-none-embed/lib/rv32ecxw/ilp32e/libc_nano.a(lib_a-fini.o)
 .debug_frame   0x0000000000000058       0x38 /home/zoobab/.arduino15/packages/WCH/tools/riscv-none-embed-gcc/8.2.0/bin/../lib/gcc/riscv-none-embed/8.2.0/../../../../riscv-none-embed/lib/rv32ecxw/ilp32e/libc_nano.a(lib_a-init.o)
 .debug_frame   0x0000000000000090       0x20 /home/zoobab/.arduino15/packages/WCH/tools/riscv-none-embed-gcc/8.2.0/bin/../lib/gcc/riscv-none-embed/8.2.0/../../../../riscv-none-embed/lib/rv32ecxw/ilp32e/libc_nano.a(lib_a-__atexit.o)
 .debug_frame   0x00000000000000b0       0x48 /home/zoobab/.arduino15/packages/WCH/tools/riscv-none-embed-gcc/8.2.0/bin/../lib/gcc/riscv-none-embed/8.2.0/../../../../riscv-none-embed/lib/rv32ecxw/ilp32e/libc_nano.a(lib_a-__call_atexit.o)
 .debug_frame   0x00000000000000f8       0x34 /home/zoobab/.arduino15/packages/WCH/tools/riscv-none-embed-gcc/8.2.0/bin/../lib/gcc/riscv-none-embed/8.2.0/rv32ecxw/ilp32e/libgcc.a(multi3.o)

.stabstr        0x0000000000000000       0xa9
 .stabstr       0x0000000000000000       0xa9 /home/zoobab/.arduino15/packages/WCH/tools/riscv-none-embed-gcc/8.2.0/bin/../lib/gcc/riscv-none-embed/8.2.0/../../../../riscv-none-embed/lib/rv32ecxw/ilp32e/libnosys.a(close.o)
